Archive member included to satisfy reference by file (symbol)

/opt/devkitpro/libctru/lib/libcitro2d.a(base.o)
                              main.o (C2D_Init)
/opt/devkitpro/libctru/lib/libcitro2d.a(text.o)
                              main.o (C2D_TextBufNew)
/opt/devkitpro/libctru/lib/libcitro2d.a(font.o)
                              /opt/devkitpro/libctru/lib/libcitro2d.a(text.o) (C2D_FontGlyphIndexFromCodePoint)
/opt/devkitpro/libctru/lib/libcitro2d.a(render2d.shbin.o)
                              /opt/devkitpro/libctru/lib/libcitro2d.a(base.o) (render2d_shbin)
/opt/devkitpro/libctru/lib/libcitro3d.a(base.o)
                              main.o (C3D_Init)
/opt/devkitpro/libctru/lib/libcitro3d.a(renderqueue.o)
                              /opt/devkitpro/libctru/lib/libcitro3d.a(base.o) (C3Di_RenderQueueEnableVBlank)
/opt/devkitpro/libctru/lib/libcitro3d.a(texture.o)
                              /opt/devkitpro/libctru/lib/libcitro2d.a(base.o) (C3D_TexBind)
/opt/devkitpro/libctru/lib/libcitro3d.a(framebuffer.o)
                              /opt/devkitpro/libctru/lib/libcitro3d.a(renderqueue.o) (C3D_CalcColorBufSize)
/opt/devkitpro/libctru/lib/libcitro3d.a(texenv.o)
                              /opt/devkitpro/libctru/lib/libcitro2d.a(base.o) (C3D_GetTexEnv)
/opt/devkitpro/libctru/lib/libcitro3d.a(proctex.o)
                              /opt/devkitpro/libctru/lib/libcitro2d.a(base.o) (C3D_ProcTexInit)
/opt/devkitpro/libctru/lib/libcitro3d.a(buffers.o)
                              /opt/devkitpro/libctru/lib/libcitro2d.a(base.o) (BufInfo_Init)
/opt/devkitpro/libctru/lib/libcitro3d.a(drawArrays.o)
                              /opt/devkitpro/libctru/lib/libcitro2d.a(base.o) (C3D_DrawArrays)
/opt/devkitpro/libctru/lib/libcitro3d.a(effect.o)
                              /opt/devkitpro/libctru/lib/libcitro3d.a(base.o) (C3D_DepthMap)
/opt/devkitpro/libctru/lib/libcitro3d.a(attribs.o)
                              /opt/devkitpro/libctru/lib/libcitro2d.a(base.o) (AttrInfo_Init)
/opt/devkitpro/libctru/lib/libcitro3d.a(immediate.o)
                              /opt/devkitpro/libctru/lib/libcitro3d.a(base.o) (C3D_ImmSendAttrib)
/opt/devkitpro/libctru/lib/libcitro3d.a(uniforms.o)
                              /opt/devkitpro/libctru/lib/libcitro3d.a(base.o) (C3D_UpdateUniforms)
/opt/devkitpro/libctru/lib/libcitro3d.a(mtx_ortho.o)
                              /opt/devkitpro/libctru/lib/libcitro2d.a(base.o) (Mtx_Ortho)
/opt/devkitpro/libctru/lib/libcitro3d.a(mtx_scale.o)
                              /opt/devkitpro/libctru/lib/libcitro2d.a(base.o) (Mtx_Scale)
/opt/devkitpro/libctru/lib/libcitro3d.a(mtx_multiply.o)
                              /opt/devkitpro/libctru/lib/libcitro2d.a(base.o) (Mtx_Multiply)
/opt/devkitpro/libctru/lib/libcitro3d.a(mtx_orthotilt.o)
                              /opt/devkitpro/libctru/lib/libcitro2d.a(base.o) (Mtx_OrthoTilt)
/opt/devkitpro/libctru/lib/libcitro3d.a(mtx_translate.o)
                              /opt/devkitpro/libctru/lib/libcitro2d.a(base.o) (Mtx_Translate)
/opt/devkitpro/libctru/lib/libcitro3d.a(mtx_rotatez.o)
                              /opt/devkitpro/libctru/lib/libcitro2d.a(base.o) (Mtx_RotateZ)
/opt/devkitpro/libctru/lib/libctru.a(vram.o)
                              /opt/devkitpro/libctru/lib/libcitro3d.a(renderqueue.o) (vramAlloc)
/opt/devkitpro/libctru/lib/libctru.a(linear.o)
                              /opt/devkitpro/libctru/lib/libcitro2d.a(base.o) (linearAlloc)
/opt/devkitpro/libctru/lib/libctru.a(mem_pool.o)
                              /opt/devkitpro/libctru/lib/libctru.a(vram.o) (MemPool::Allocate(MemChunk&, unsigned long, int))
/opt/devkitpro/libctru/lib/libctru.a(romfs_dev.o)
                              /opt/devkitpro/libctru/lib/libcitro2d.a(font.o) (romfsMountFromTitle)
/opt/devkitpro/libctru/lib/libctru.a(os.o)
                              /opt/devkitpro/libctru/lib/libcitro3d.a(texture.o) (osConvertVirtToPhys)
/opt/devkitpro/libctru/lib/libctru.a(path_buf.o)
                              /opt/devkitpro/libctru/lib/libctru.a(romfs_dev.o) (__ctru_dev_utf16_buf)
/opt/devkitpro/libctru/lib/libctru.a(font.o)
                              /opt/devkitpro/libctru/lib/libcitro2d.a(text.o) (fontEnsureMapped)
/opt/devkitpro/libctru/lib/libctru.a(gfx.o)
                              /opt/devkitpro/libctru/lib/libcitro2d.a(base.o) (gfxIsWide)
/opt/devkitpro/libctru/lib/libctru.a(shaderProgram.o)
                              /opt/devkitpro/libctru/lib/libcitro2d.a(base.o) (shaderInstanceGetUniformLocation)
/opt/devkitpro/libctru/lib/libctru.a(shbin.o)
                              /opt/devkitpro/libctru/lib/libcitro2d.a(base.o) (DVLB_ParseFile)
/opt/devkitpro/libctru/lib/libctru.a(gx.o)
                              /opt/devkitpro/libctru/lib/libcitro3d.a(renderqueue.o) (GX_BindQueue)
/opt/devkitpro/libctru/lib/libctru.a(gxqueue.o)
                              /opt/devkitpro/libctru/lib/libcitro3d.a(renderqueue.o) (gxCmdQueueClear)
[...]
Memory Configuration

Name             Origin             Length             Attributes
*default*        0x0000000000000000 0xffffffffffffffff

Linker script and memory map

                0x0000000000100000                PROVIDE (__start__ = 0x100000)
                0x0000000000100000                . = __start__

.text           0x0000000000100000    0x252dc
 *(.crt0)
 .crt0          0x0000000000100000       0x94 /opt/devkitpro/devkitARM/bin/../lib/gcc/arm-none-eabi/11.1.0/../../../../arm-none-eabi/lib/armv6k/fpu/3dsx_crt0.o
                0x0000000000100000                _start
                0x0000000000100008                __service_ptr
                0x000000000010000c                __apt_appid
                0x0000000000100010                __heap_size
                0x0000000000100014                __linear_heap_size
                0x0000000000100018                __system_arglist
                0x000000000010001c                __system_runflags
 *(.init)
 .init          0x0000000000100094        0xc /opt/devkitpro/devkitARM/bin/../lib/gcc/arm-none-eabi/11.1.0/armv6k/fpu/crti.o
                0x0000000000100094                _init
 .init          0x00000000001000a0        0xc /opt/devkitpro/devkitARM/bin/../lib/gcc/arm-none-eabi/11.1.0/armv6k/fpu/crtn.o
                0x00000000001000ac                . = ALIGN (0x4)
 *(.text)
 .text          0x00000000001000ac      0x20c /opt/devkitpro/devkitARM/bin/../lib/gcc/arm-none-eabi/11.1.0/armv6k/fpu/libgcc.a(_udivsi3.o)
                0x00000000001000ac                __udivsi3
                0x00000000001000ac                __aeabi_uidiv
                0x0000000000100298                __aeabi_uidivmod
 .text          0x00000000001002b8      0x240 /opt/devkitpro/devkitARM/bin/../lib/gcc/arm-none-eabi/11.1.0/armv6k/fpu/libgcc.a(_divsi3.o)
                0x00000000001002b8                __aeabi_idiv
                0x00000000001002b8                __divsi3
                0x00000000001004d8                __aeabi_idivmod
 .text          0x00000000001004f8        0x4 /opt/devkitpro/devkitARM/bin/../lib/gcc/arm-none-eabi/11.1.0/armv6k/fpu/libgcc.a(_dvmd_tls.o)
                0x00000000001004f8                __aeabi_ldiv0
                0x00000000001004f8                __aeabi_idiv0
 .text          0x00000000001004fc      0x3c0 /opt/devkitpro/devkitARM/bin/../lib/gcc/arm-none-eabi/11.1.0/armv6k/fpu/libgcc.a(_arm_addsubdf3.o)
                0x00000000001004fc                __aeabi_drsub
                0x0000000000100504                __aeabi_dsub
                0x0000000000100504                __subdf3
                0x0000000000100508                __adddf3
                0x0000000000100508                __aeabi_dadd
                0x00000000001007b4                __aeabi_ui2d
                0x00000000001007b4                __floatunsidf
                0x00000000001007d8                __floatsidf
                0x00000000001007d8                __aeabi_i2d
                0x0000000000100800                __extendsfdf2
                0x0000000000100800                __aeabi_f2d
                0x0000000000100848                __aeabi_ul2d
                0x0000000000100848                __floatundidf
                0x000000000010085c                __floatdidf
                0x000000000010085c                __aeabi_l2d
 .text          0x00000000001008bc       0xd4 /opt/devkitpro/devkitARM/bin/../lib/gcc/arm-none-eabi/11.1.0/armv6k/fpu/libgcc.a(_aeabi_ldivmod.o)
                0x00000000001008bc                __aeabi_ldivmod
 .text          0x0000000000100990       0x3c /opt/devkitpro/devkitARM/bin/../lib/gcc/arm-none-eabi/11.1.0/armv6k/fpu/libgcc.a(_aeabi_uldivmod.o)
                0x0000000000100990                __aeabi_uldivmod
 *fill*         0x00000000001009cc       0x14 
 .text          0x00000000001009e0      0x390 /opt/devkitpro/devkitARM/bin/../lib/gcc/arm-none-eabi/11.1.0/../../../../arm-none-eabi/lib/armv6k/fpu/libg.a(lib_a-strcmp.o)
                0x00000000001009e8                strcmp
 *(.text.*)
 .text.__do_global_dtors_aux
                0x0000000000100d70       0x40 /opt/devkitpro/devkitARM/bin/../lib/gcc/arm-none-eabi/11.1.0/armv6k/fpu/crtbegin.o
 .text.frame_dummy
                0x0000000000100db0       0x2c /opt/devkitpro/devkitARM/bin/../lib/gcc/arm-none-eabi/11.1.0/armv6k/fpu/crtbegin.o
 .text.drawBottomScreen
                0x0000000000100ddc      0x11c main.o
                0x0000000000100ddc                drawBottomScreen
 .text.isFoodSpawnValid
                0x0000000000100ef8      0x11c main.o
                0x0000000000100ef8                isFoodSpawnValid
 .text.spawnFood
                0x0000000000101014       0xac main.o
                0x0000000000101014                spawnFood
 .text.checkCollision
                0x00000000001010c0      0x164 main.o
                0x00000000001010c0                checkCollision
 .text.drawFood
                0x0000000000101224       0x48 main.o
                0x0000000000101224                drawFood
 .text.initSnake
                0x000000000010126c       0xa4 main.o
                0x000000000010126c                initSnake
 .text.drawSnake
                0x0000000000101310       0xa4 main.o
                0x0000000000101310                drawSnake
 .text.moveSnake
                0x00000000001013b4       0x80 main.o
                0x00000000001013b4                moveSnake
 .text.input    0x0000000000101434      0x124 main.o
                0x0000000000101434                input
 .text.drawWalls
                0x0000000000101558       0xe8 main.o
                0x0000000000101558                drawWalls
 .text.drawTopScreen
                0x0000000000101640       0x60 main.o
                0x0000000000101640                drawTopScreen
 .text.saveHighscore
                0x00000000001016a0       0x88 main.o
                0x00000000001016a0                saveHighscore
 .text.loadHighscore
                0x0000000000101728       0x9c main.o
                0x0000000000101728                loadHighscore
 .text.initGame
                0x00000000001017c4       0x30 main.o
                0x00000000001017c4                initGame
 .text.startup.main
                0x00000000001017f4       0xdc main.o
                0x00000000001017f4                main
 .text.C2Di_FrameEndHook
                0x00000000001018d0       0x34 /opt/devkitpro/libctru/lib/libcitro2d.a(base.o)
 *fill*         0x0000000000101904        0x4 
 .text.C2D_Init
                0x0000000000101908      0x330 /opt/devkitpro/libctru/lib/libcitro2d.a(base.o)
                0x0000000000101908                C2D_Init
 .text.C2D_Fini
                0x0000000000101c38       0x44 /opt/devkitpro/libctru/lib/libcitro2d.a(base.o)
                0x0000000000101c38                C2D_Fini
 .text.C2D_Prepare
                0x0000000000101c7c       0xd0 /opt/devkitpro/libctru/lib/libcitro2d.a(base.o)
                0x0000000000101c7c                C2D_Prepare
 .text.C2D_Flush
                0x0000000000101d4c       0x3c /opt/devkitpro/libctru/lib/libcitro2d.a(base.o)
                0x0000000000101d4c                C2D_Flush
 .text.C2D_SceneSize
                0x0000000000101d88      0x108 /opt/devkitpro/libctru/lib/libcitro2d.a(base.o)
                0x0000000000101d88                C2D_SceneSize
 .text.C2D_CreateScreenTarget
                0x0000000000101e90       0x58 /opt/devkitpro/libctru/lib/libcitro2d.a(base.o)
                0x0000000000101e90                C2D_CreateScreenTarget
 .text.C2D_TargetClear
                0x0000000000101ee8       0x58 /opt/devkitpro/libctru/lib/libcitro2d.a(base.o)
                0x0000000000101ee8                C2D_TargetClear
 .text.C2Di_AppendVtx
                0x0000000000101f40       0x40 /opt/devkitpro/libctru/lib/libcitro2d.a(base.o)
                0x0000000000101f40                C2Di_AppendVtx
 .text.C2Di_Update
                0x0000000000101f80      0x22c /opt/devkitpro/libctru/lib/libcitro2d.a(base.o)
                0x0000000000101f80                C2Di_Update
 .text.C2D_DrawRectangle
                0x00000000001021ac      0x1b0 /opt/devkitpro/libctru/lib/libcitro2d.a(base.o)
                0x00000000001021ac                C2D_DrawRectangle
 .text.C2D_DrawEllipse
                0x000000000010235c      0x1a8 /opt/devkitpro/libctru/lib/libcitro2d.a(base.o)
                0x000000000010235c                C2D_DrawEllipse
 .text.C2Di_GlyphComp
                0x0000000000102504       0x18 /opt/devkitpro/libctru/lib/libcitro2d.a(text.o)
 .text.C2Di_CalcLineWidths
                0x000000000010251c      0x140 /opt/devkitpro/libctru/lib/libcitro2d.a(text.o)
 .text.C2D_TextBufNew
                0x000000000010265c      0x1d0 /opt/devkitpro/libctru/lib/libcitro2d.a(text.o)
                0x000000000010265c                C2D_TextBufNew
 .text.C2D_TextBufClear
                0x000000000010282c        0xc /opt/devkitpro/libctru/lib/libcitro2d.a(text.o)
                0x000000000010282c                C2D_TextBufClear
 .text.C2D_TextFontParseLine
                0x0000000000102838      0x1c8 /opt/devkitpro/libctru/lib/libcitro2d.a(text.o)
                0x0000000000102838                C2D_TextFontParseLine
 .text.C2D_TextFontParse
                0x0000000000102a00       0xa8 /opt/devkitpro/libctru/lib/libcitro2d.a(text.o)
                0x0000000000102a00                C2D_TextFontParse
 .text.C2D_TextParse
                0x0000000000102aa8       0x14 /opt/devkitpro/libctru/lib/libcitro2d.a(text.o)
                0x0000000000102aa8                C2D_TextParse
 .text.C2D_TextOptimize
                0x0000000000102abc       0x30 /opt/devkitpro/libctru/lib/libcitro2d.a(text.o)
                0x0000000000102abc                C2D_TextOptimize
 .text.C2D_DrawText
                0x0000000000102aec     0x10d4 /opt/devkitpro/libctru/lib/libcitro2d.a(text.o)
                0x0000000000102aec                C2D_DrawText
 .text.C2D_FontGlyphIndexFromCodePoint
                0x0000000000103bc0       0x44 /opt/devkitpro/libctru/lib/libcitro2d.a(font.o)
                0x0000000000103bc0                C2D_FontGlyphIndexFromCodePoint
 .text.C2D_FontCalcGlyphPos
                0x0000000000103c04       0x78 /opt/devkitpro/libctru/lib/libcitro2d.a(font.o)
                0x0000000000103c04                C2D_FontCalcGlyphPos
 .text.C3Di_LightEnvUpdate
                0x0000000000103c7c        0x4 /opt/devkitpro/libctru/lib/libcitro3d.a(base.o)
                0x0000000000103c7c                C3Di_LightEnvUpdate
 .text.C3Di_LightEnvDirty
                0x0000000000103c80        0x4 /opt/devkitpro/libctru/lib/libcitro3d.a(base.o)
                0x0000000000103c80                C3Di_LightEnvDirty
 .text.C3Di_AptEventHook
                0x0000000000103c84       0xb4 /opt/devkitpro/libctru/lib/libcitro3d.a(base.o)
 .text.C3Di_GasUpdate
                0x0000000000103d38        0x4 /opt/devkitpro/libctru/lib/libcitro3d.a(base.o)
                0x0000000000103d38                C3Di_GasUpdate
 .text.C3D_Init
                0x0000000000103d3c      0x1e0 /opt/devkitpro/libctru/lib/libcitro3d.a(base.o)
                0x0000000000103d3c                C3D_Init
 .text.C3D_SetViewport
                0x0000000000103f1c       0x98 /opt/devkitpro/libctru/lib/libcitro3d.a(base.o)
                0x0000000000103f1c                C3D_SetViewport
 .text.C3Di_UpdateContext
                0x0000000000103fb4      0x4ec /opt/devkitpro/libctru/lib/libcitro3d.a(base.o)
                0x0000000000103fb4                C3Di_UpdateContext
 .text.C3Di_SplitFrame
                0x00000000001044a0       0xe0 /opt/devkitpro/libctru/lib/libcitro3d.a(base.o)
                0x00000000001044a0                C3Di_SplitFrame
 .text.C3D_Fini
                0x0000000000104580       0x44 /opt/devkitpro/libctru/lib/libcitro3d.a(base.o)
                0x0000000000104580                C3D_Fini
 .text.C3D_BindProgram
                0x00000000001045c4      0x108 /opt/devkitpro/libctru/lib/libcitro3d.a(base.o)
                0x00000000001045c4                C3D_BindProgram
 .text.onVBlank0
                0x00000000001046cc       0x4c /opt/devkitpro/libctru/lib/libcitro3d.a(renderqueue.o)
 .text.onVBlank1
                0x0000000000104718       0x4c /opt/devkitpro/libctru/lib/libcitro3d.a(renderqueue.o)
 .text.C3Di_RenderTargetDestroy
                0x0000000000104764       0x80 /opt/devkitpro/libctru/lib/libcitro3d.a(renderqueue.o)
 .text.onQueueFinish
                0x00000000001047e4       0xf4 /opt/devkitpro/libctru/lib/libcitro3d.a(renderqueue.o)
 .text.C3Di_RenderQueueEnableVBlank
                0x00000000001048d8       0x38 /opt/devkitpro/libctru/lib/libcitro3d.a(renderqueue.o)
                0x00000000001048d8                C3Di_RenderQueueEnableVBlank
 .text.C3Di_RenderQueueDisableVBlank
                0x0000000000104910       0x30 /opt/devkitpro/libctru/lib/libcitro3d.a(renderqueue.o)
                0x0000000000104910                C3Di_RenderQueueDisableVBlank
 .text.C3Di_RenderQueueInit
                0x0000000000104940       0x60 /opt/devkitpro/libctru/lib/libcitro3d.a(renderqueue.o)
                0x0000000000104940                C3Di_RenderQueueInit
 .text.C3Di_RenderQueueExit
                0x00000000001049a0       0xb0 /opt/devkitpro/libctru/lib/libcitro3d.a(renderqueue.o)
                0x00000000001049a0                C3Di_RenderQueueExit
 .text.C3Di_RenderQueueWaitDone
                0x0000000000104a50       0x34 /opt/devkitpro/libctru/lib/libcitro3d.a(renderqueue.o)
                0x0000000000104a50                C3Di_RenderQueueWaitDone
 .text.C3D_FrameBegin
                0x0000000000104a84       0xe4 /opt/devkitpro/libctru/lib/libcitro3d.a(renderqueue.o)
                0x0000000000104a84                C3D_FrameBegin
 .text.C3D_FrameDrawOn
                0x0000000000104b68       0x48 /opt/devkitpro/libctru/lib/libcitro3d.a(renderqueue.o)
                0x0000000000104b68                C3D_FrameDrawOn
 .text.C3D_FrameSplit
                0x0000000000104bb0       0x58 /opt/devkitpro/libctru/lib/libcitro3d.a(renderqueue.o)
                0x0000000000104bb0                C3D_FrameSplit
 .text.C3D_FrameEnd
                0x0000000000104c08      0x1d8 /opt/devkitpro/libctru/lib/libcitro3d.a(renderqueue.o)
                0x0000000000104c08                C3D_FrameEnd
 .text.C3D_FrameEndHook
                0x0000000000104de0       0x1c /opt/devkitpro/libctru/lib/libcitro3d.a(renderqueue.o)
                0x0000000000104de0                C3D_FrameEndHook
 .text.C3D_RenderTargetCreate
                0x0000000000104dfc      0x128 /opt/devkitpro/libctru/lib/libcitro3d.a(renderqueue.o)
                0x0000000000104dfc                C3D_RenderTargetCreate
 .text.C3D_RenderTargetSetOutput
                0x0000000000104f24       0xa8 /opt/devkitpro/libctru/lib/libcitro3d.a(renderqueue.o)
                0x0000000000104f24                C3D_RenderTargetSetOutput
 .text.C3D_TexBind
                0x0000000000104fcc       0x44 /opt/devkitpro/libctru/lib/libcitro3d.a(texture.o)
                0x0000000000104fcc                C3D_TexBind
 .text.C3Di_SetTex
                0x0000000000105010      0x16c /opt/devkitpro/libctru/lib/libcitro3d.a(texture.o)
                0x0000000000105010                C3Di_SetTex
 .text.C3D_CalcColorBufSize
                0x000000000010517c       0x1c /opt/devkitpro/libctru/lib/libcitro3d.a(framebuffer.o)
                0x000000000010517c                C3D_CalcColorBufSize
 .text.C3D_CalcDepthBufSize
                0x0000000000105198       0x1c /opt/devkitpro/libctru/lib/libcitro3d.a(framebuffer.o)
                0x0000000000105198                C3D_CalcDepthBufSize
 .text.C3D_SetFrameBuf
                0x00000000001051b4       0x44 /opt/devkitpro/libctru/lib/libcitro3d.a(framebuffer.o)
                0x00000000001051b4                C3D_SetFrameBuf
 .text.C3Di_FrameBufBind
                0x00000000001051f8      0x16c /opt/devkitpro/libctru/lib/libcitro3d.a(framebuffer.o)
                0x00000000001051f8                C3Di_FrameBufBind
 .text.C3D_FrameBufClear
                0x0000000000105364       0xcc /opt/devkitpro/libctru/lib/libcitro3d.a(framebuffer.o)
                0x0000000000105364                C3D_FrameBufClear
 .text.C3D_FrameBufTransfer
                0x0000000000105430       0x44 /opt/devkitpro/libctru/lib/libcitro3d.a(framebuffer.o)
                0x0000000000105430                C3D_FrameBufTransfer
 .text.C3D_GetTexEnv
                0x0000000000105474       0x34 /opt/devkitpro/libctru/lib/libcitro3d.a(texenv.o)
                0x0000000000105474                C3D_GetTexEnv
 .text.C3Di_TexEnvBind
                0x00000000001054a8       0x24 /opt/devkitpro/libctru/lib/libcitro3d.a(texenv.o)
                0x00000000001054a8                C3Di_TexEnvBind
 .text.C3D_ProcTexInit
                0x00000000001054cc       0x70 /opt/devkitpro/libctru/lib/libcitro3d.a(proctex.o)
                0x00000000001054cc                C3D_ProcTexInit
 .text.C3D_ProcTexBind
                0x000000000010553c       0x54 /opt/devkitpro/libctru/lib/libcitro3d.a(proctex.o)
                0x000000000010553c                C3D_ProcTexBind
 .text.C3D_ProcTexLutBind
                0x0000000000105590       0x5c /opt/devkitpro/libctru/lib/libcitro3d.a(proctex.o)
                0x0000000000105590                C3D_ProcTexLutBind
 .text.ProcTexLut_FromArray
                0x00000000001055ec       0xa4 /opt/devkitpro/libctru/lib/libcitro3d.a(proctex.o)
                0x00000000001055ec                ProcTexLut_FromArray
 .text.C3Di_ProcTexUpdate
                0x0000000000105690      0x17c /opt/devkitpro/libctru/lib/libcitro3d.a(proctex.o)
                0x0000000000105690                C3Di_ProcTexUpdate
 .text.C3Di_ProcTexDirty
                0x000000000010580c       0x68 /opt/devkitpro/libctru/lib/libcitro3d.a(proctex.o)
                0x000000000010580c                C3Di_ProcTexDirty
 .text.BufInfo_Init
                0x0000000000105874       0x24 /opt/devkitpro/libctru/lib/libcitro3d.a(buffers.o)
                0x0000000000105874                BufInfo_Init
 .text.BufInfo_Add
                0x0000000000105898       0x80 /opt/devkitpro/libctru/lib/libcitro3d.a(buffers.o)
                0x0000000000105898                BufInfo_Add
 .text.C3D_SetBufInfo
                0x0000000000105918       0x40 /opt/devkitpro/libctru/lib/libcitro3d.a(buffers.o)
                0x0000000000105918                C3D_SetBufInfo
 .text.C3Di_BufInfoBind
                0x0000000000105958       0x48 /opt/devkitpro/libctru/lib/libcitro3d.a(buffers.o)
                0x0000000000105958                C3Di_BufInfoBind
 .text.C3D_DrawArrays
                0x00000000001059a0      0x148 /opt/devkitpro/libctru/lib/libcitro3d.a(drawArrays.o)
                0x00000000001059a0                C3D_DrawArrays
 .text.C3D_DepthMap
                0x0000000000105ae8       0x40 /opt/devkitpro/libctru/lib/libcitro3d.a(effect.o)
                0x0000000000105ae8                C3D_DepthMap
 .text.C3D_CullFace
                0x0000000000105b28       0x1c /opt/devkitpro/libctru/lib/libcitro3d.a(effect.o)
                0x0000000000105b28                C3D_CullFace
 .text.C3D_StencilTest
                0x0000000000105b44       0x40 /opt/devkitpro/libctru/lib/libcitro3d.a(effect.o)
                0x0000000000105b44                C3D_StencilTest
 .text.C3D_StencilOp
                0x0000000000105b84       0x24 /opt/devkitpro/libctru/lib/libcitro3d.a(effect.o)
                0x0000000000105b84                C3D_StencilOp
 .text.C3D_BlendingColor
                0x0000000000105ba8       0x1c /opt/devkitpro/libctru/lib/libcitro3d.a(effect.o)
                0x0000000000105ba8                C3D_BlendingColor
 .text.C3D_EarlyDepthTest
                0x0000000000105bc4       0x24 /opt/devkitpro/libctru/lib/libcitro3d.a(effect.o)
                0x0000000000105bc4                C3D_EarlyDepthTest
 .text.C3D_DepthTest
                0x0000000000105be8       0x2c /opt/devkitpro/libctru/lib/libcitro3d.a(effect.o)
                0x0000000000105be8                C3D_DepthTest
 .text.C3D_AlphaTest
                0x0000000000105c14       0x2c /opt/devkitpro/libctru/lib/libcitro3d.a(effect.o)
                0x0000000000105c14                C3D_AlphaTest
 .text.C3D_AlphaBlend
                0x0000000000105c40       0x50 /opt/devkitpro/libctru/lib/libcitro3d.a(effect.o)
                0x0000000000105c40                C3D_AlphaBlend
 .text.C3D_FragOpMode
                0x0000000000105c90       0x30 /opt/devkitpro/libctru/lib/libcitro3d.a(effect.o)
                0x0000000000105c90                C3D_FragOpMode
 .text.C3D_FragOpShadow
                0x0000000000105cc0       0x44 /opt/devkitpro/libctru/lib/libcitro3d.a(effect.o)
                0x0000000000105cc0                C3D_FragOpShadow
 .text.C3Di_EffectBind
                0x0000000000105d04      0x1ac /opt/devkitpro/libctru/lib/libcitro3d.a(effect.o)
                0x0000000000105d04                C3Di_EffectBind
 .text.AttrInfo_Init
                0x0000000000105eb0       0x28 /opt/devkitpro/libctru/lib/libcitro3d.a(attribs.o)
                0x0000000000105eb0                AttrInfo_Init
 .text.AttrInfo_AddLoader
                0x0000000000105ed8       0x98 /opt/devkitpro/libctru/lib/libcitro3d.a(attribs.o)
                0x0000000000105ed8                AttrInfo_AddLoader
 .text.C3D_SetAttrInfo
                0x0000000000105f70       0x54 /opt/devkitpro/libctru/lib/libcitro3d.a(attribs.o)
                0x0000000000105f70                C3D_SetAttrInfo
 .text.C3Di_AttrInfoBind
                0x0000000000105fc4       0x80 /opt/devkitpro/libctru/lib/libcitro3d.a(attribs.o)
                0x0000000000105fc4                C3Di_AttrInfoBind
 .text.C3D_ImmSendAttrib
                0x0000000000106044       0xa8 /opt/devkitpro/libctru/lib/libcitro3d.a(immediate.o)
                0x0000000000106044                C3D_ImmSendAttrib
 .text.C3D_UpdateUniforms
                0x00000000001060ec      0x29c /opt/devkitpro/libctru/lib/libcitro3d.a(uniforms.o)
                0x00000000001060ec                C3D_UpdateUniforms
 .text.C3Di_DirtyUniforms
                0x0000000000106388       0xc0 /opt/devkitpro/libctru/lib/libcitro3d.a(uniforms.o)
                0x0000000000106388                C3Di_DirtyUniforms
 .text.C3Di_LoadShaderUniforms
                0x0000000000106448       0xd8 /opt/devkitpro/libctru/lib/libcitro3d.a(uniforms.o)
                0x0000000000106448                C3Di_LoadShaderUniforms
 .text.C3Di_ClearShaderUniforms
                0x0000000000106520       0x28 /opt/devkitpro/libctru/lib/libcitro3d.a(uniforms.o)
                0x0000000000106520                C3Di_ClearShaderUniforms
 .text.Mtx_Ortho
                0x0000000000106548       0xcc /opt/devkitpro/libctru/lib/libcitro3d.a(mtx_ortho.o)
                0x0000000000106548                Mtx_Ortho
 .text.Mtx_OrthoTilt
                0x0000000000106614       0xcc /opt/devkitpro/libctru/lib/libcitro3d.a(mtx_orthotilt.o)
                0x0000000000106614                Mtx_OrthoTilt
 .text._ZL21addrMapNodeComparatorPK11rbtree_nodeS1_
                0x00000000001066e0       0x24 /opt/devkitpro/libctru/lib/libctru.a(vram.o)
 .text._ZL21addrMapNodeDestructorP11rbtree_node
                0x0000000000106704        0x4 /opt/devkitpro/libctru/lib/libctru.a(vram.o)
 .text.vramMemAlign
                0x0000000000106708      0x114 /opt/devkitpro/libctru/lib/libctru.a(vram.o)
                0x0000000000106708                vramMemAlign
 .text.vramAlloc
                0x000000000010681c        0x8 /opt/devkitpro/libctru/lib/libctru.a(vram.o)
                0x000000000010681c                vramAlloc
 .text.vramFree
                0x0000000000106824       0x5c /opt/devkitpro/libctru/lib/libctru.a(vram.o)
                0x0000000000106824                vramFree
 .text._ZL21addrMapNodeComparatorPK11rbtree_nodeS1_
                0x0000000000106880       0x24 /opt/devkitpro/libctru/lib/libctru.a(linear.o)
 .text._ZL21addrMapNodeDestructorP11rbtree_node
                0x00000000001068a4        0x4 /opt/devkitpro/libctru/lib/libctru.a(linear.o)
 .text.linearMemAlign
                0x00000000001068a8      0x120 /opt/devkitpro/libctru/lib/libctru.a(linear.o)
                0x00000000001068a8                linearMemAlign
 .text.linearAlloc
                0x00000000001069c8        0x8 /opt/devkitpro/libctru/lib/libctru.a(linear.o)
                0x00000000001069c8                linearAlloc
 .text.linearFree
                0x00000000001069d0       0x5c /opt/devkitpro/libctru/lib/libctru.a(linear.o)
                0x00000000001069d0                linearFree
 .text._ZN7MemPool13CoalesceRightEP8MemBlock
                0x0000000000106a2c       0x84 /opt/devkitpro/libctru/lib/libctru.a(mem_pool.o)
                0x0000000000106a2c                MemPool::CoalesceRight(MemBlock*)
 .text._ZN7MemPool8AllocateER8MemChunkmi
                0x0000000000106ab0      0x170 /opt/devkitpro/libctru/lib/libctru.a(mem_pool.o)
                0x0000000000106ab0                MemPool::Allocate(MemChunk&, unsigned long, int)
 .text._ZN7MemPool10DeallocateERK8MemChunk
                0x0000000000106c20       0xfc /opt/devkitpro/libctru/lib/libctru.a(mem_pool.o)
                0x0000000000106c20                MemPool::Deallocate(MemChunk const&)
 .text.osConvertVirtToPhys
                0x0000000000106d1c       0x74 /opt/devkitpro/libctru/lib/libctru.a(os.o)
                0x0000000000106d1c                osConvertVirtToPhys
 .text.osGetTimeRef
                0x0000000000106d90       0x54 /opt/devkitpro/libctru/lib/libctru.a(os.o)
                0x0000000000106d90                osGetTimeRef
 .text.osGetTime
                0x0000000000106de4       0xe4 /opt/devkitpro/libctru/lib/libctru.a(os.o)
                0x0000000000106de4                osGetTime
 .text.__libctru_gtod
                0x0000000000106ec8       0x74 /opt/devkitpro/libctru/lib/libctru.a(os.o)
                0x0000000000106ec8                __libctru_gtod
 .text.__ctru_speedup_config
                0x0000000000106f3c       0x34 /opt/devkitpro/libctru/lib/libctru.a(os.o)
                0x0000000000106f3c                __ctru_speedup_config
 .text.fontEnsureMapped
                0x0000000000106f70       0x9c /opt/devkitpro/libctru/lib/libctru.a(font.o)
                0x0000000000106f70                fontEnsureMapped
 .text.fontGlyphIndexFromCodePoint
                0x000000000010700c       0xfc /opt/devkitpro/libctru/lib/libctru.a(font.o)
                0x000000000010700c                fontGlyphIndexFromCodePoint
 .text.fontGetCharWidthInfo
                0x0000000000107108       0x6c /opt/devkitpro/libctru/lib/libctru.a(font.o)
                0x0000000000107108                fontGetCharWidthInfo
 .text.fontCalcGlyphPos
                0x0000000000107174      0x1c0 /opt/devkitpro/libctru/lib/libctru.a(font.o)
                0x0000000000107174                fontCalcGlyphPos
 .text.gfxPresentFramebuffer
                0x0000000000107334       0xd0 /opt/devkitpro/libctru/lib/libctru.a(gfx.o)
 .text.gfxIsWide
                0x0000000000107404       0x1c /opt/devkitpro/libctru/lib/libctru.a(gfx.o)
                0x0000000000107404                gfxIsWide
 .text.gfxSetScreenFormat
                0x0000000000107420       0xec /opt/devkitpro/libctru/lib/libctru.a(gfx.o)
                0x0000000000107420                gfxSetScreenFormat
 .text.gfxInit  0x000000000010750c      0x108 /opt/devkitpro/libctru/lib/libctru.a(gfx.o)
                0x000000000010750c                gfxInit
 .text.gfxInitDefault
                0x0000000000107614       0x10 /opt/devkitpro/libctru/lib/libctru.a(gfx.o)
                0x0000000000107614                gfxInitDefault
 .text.gfxExit  0x0000000000107624       0xb4 /opt/devkitpro/libctru/lib/libctru.a(gfx.o)
                0x0000000000107624                gfxExit
 .text.gfxGetFramebuffer
                0x00000000001076d8       0xa0 /opt/devkitpro/libctru/lib/libctru.a(gfx.o)
                0x00000000001076d8                gfxGetFramebuffer
 .text.gfxScreenSwapBuffers
                0x0000000000107778       0x30 /opt/devkitpro/libctru/lib/libctru.a(gfx.o)
                0x0000000000107778                gfxScreenSwapBuffers
 .text.shaderInstanceInit
                0x00000000001077a8      0x1e0 /opt/devkitpro/libctru/lib/libctru.a(shaderProgram.o)
                0x00000000001077a8                shaderInstanceInit
 .text.shaderInstanceGetUniformLocation
                0x0000000000107988       0x18 /opt/devkitpro/libctru/lib/libctru.a(shaderProgram.o)
                0x0000000000107988                shaderInstanceGetUniformLocation
 .text.shaderProgramInit
                0x00000000001079a0       0x1c /opt/devkitpro/libctru/lib/libctru.a(shaderProgram.o)
                0x00000000001079a0                shaderProgramInit
 .text.shaderProgramFree
                0x00000000001079bc       0x64 /opt/devkitpro/libctru/lib/libctru.a(shaderProgram.o)
                0x00000000001079bc                shaderProgramFree
 .text.shaderProgramSetVsh
                0x0000000000107a20       0x80 /opt/devkitpro/libctru/lib/libctru.a(shaderProgram.o)
                0x0000000000107a20                shaderProgramSetVsh
 .text.shaderProgramConfigure
                0x0000000000107aa0      0x8c0 /opt/devkitpro/libctru/lib/libctru.a(shaderProgram.o)
                0x0000000000107aa0                shaderProgramConfigure
 .text.DVLE_GenerateOutmap.part.0
                0x0000000000108360      0x1f8 /opt/devkitpro/libctru/lib/libctru.a(shbin.o)
 .text.DVLB_ParseFile
                0x0000000000108558      0x1cc /opt/devkitpro/libctru/lib/libctru.a(shbin.o)
                0x0000000000108558                DVLB_ParseFile
 .text.DVLB_Free
                0x0000000000108724       0x38 /opt/devkitpro/libctru/lib/libctru.a(shbin.o)
                0x0000000000108724                DVLB_Free
 .text.DVLE_GetUniformRegister
                0x000000000010875c       0x74 /opt/devkitpro/libctru/lib/libctru.a(shbin.o)
                0x000000000010875c                DVLE_GetUniformRegister
 .text.GX_BindQueue
                0x00000000001087d0       0x10 /opt/devkitpro/libctru/lib/libctru.a(gx.o)
                0x00000000001087d0                GX_BindQueue
 .text.GX_ProcessCommandList
                0x00000000001087e0       0x78 /opt/devkitpro/libctru/lib/libctru.a(gx.o)
                0x00000000001087e0                GX_ProcessCommandList
 .text.GX_MemoryFill
                0x0000000000108858       0x74 /opt/devkitpro/libctru/lib/libctru.a(gx.o)
                0x0000000000108858                GX_MemoryFill
 .text.GX_DisplayTransfer
                0x00000000001088cc       0x70 /opt/devkitpro/libctru/lib/libctru.a(gx.o)
                0x00000000001088cc                GX_DisplayTransfer
 .text.gxCmdQueueDoCommands.part.0
                0x000000000010893c       0x68 /opt/devkitpro/libctru/lib/libctru.a(gxqueue.o)
 .text.gxCmdQueueInterrupt
                0x00000000001089a4       0xc8 /opt/devkitpro/libctru/lib/libctru.a(gxqueue.o)
                0x00000000001089a4                gxCmdQueueInterrupt
 .text.gxCmdQueueClear
                0x0000000000108a6c       0x4c /opt/devkitpro/libctru/lib/libctru.a(gxqueue.o)
                0x0000000000108a6c                gxCmdQueueClear
 .text.gxCmdQueueAdd
                0x0000000000108ab8       0xf8 /opt/devkitpro/libctru/lib/libctru.a(gxqueue.o)
                0x0000000000108ab8                gxCmdQueueAdd
 .text.gxCmdQueueRun
                0x0000000000108bb0       0x80 /opt/devkitpro/libctru/lib/libctru.a(gxqueue.o)
                0x0000000000108bb0                gxCmdQueueRun
 .text.gxCmdQueueStop
                0x0000000000108c30       0x60 /opt/devkitpro/libctru/lib/libctru.a(gxqueue.o)
                0x0000000000108c30                gxCmdQueueStop
 .text.gxCmdQueueWait
                0x0000000000108c90       0x74 /opt/devkitpro/libctru/lib/libctru.a(gxqueue.o)
                0x0000000000108c90                gxCmdQueueWait
 .text.GPUCMD_Add
                0x0000000000108d04      0x13c /opt/devkitpro/libctru/lib/libctru.a(gpu.o)
                0x0000000000108d04                GPUCMD_Add
 .text.GPUCMD_Split
                0x0000000000108e40       0xac /opt/devkitpro/libctru/lib/libctru.a(gpu.o)
                0x0000000000108e40                GPUCMD_Split
 .text.f32tof16
                0x0000000000108eec       0x40 /opt/devkitpro/libctru/lib/libctru.a(gpu.o)
                0x0000000000108eec                f32tof16
 .text.f32tof24
                0x0000000000108f2c       0x40 /opt/devkitpro/libctru/lib/libctru.a(gpu.o)
                0x0000000000108f2c                f32tof24
 .text.f32tof31
                0x0000000000108f6c       0x44 /opt/devkitpro/libctru/lib/libctru.a(gpu.o)
                0x0000000000108f6c                f32tof31
 .text.gspHardwareInit
                0x0000000000108fb0      0xc58 /opt/devkitpro/libctru/lib/libctru.a(gspgpu.o)
 .text.gspInit  0x0000000000109c08      0x254 /opt/devkitpro/libctru/lib/libctru.a(gspgpu.o)
                0x0000000000109c08                gspInit
 .text.gspExit  0x0000000000109e5c       0xf0 /opt/devkitpro/libctru/lib/libctru.a(gspgpu.o)
                0x0000000000109e5c                gspExit
 .text.gspHasGpuRight
                0x0000000000109f4c       0x10 /opt/devkitpro/libctru/lib/libctru.a(gspgpu.o)
                0x0000000000109f4c                gspHasGpuRight
 .text.gspPresentBuffer
                0x0000000000109f5c       0x98 /opt/devkitpro/libctru/lib/libctru.a(gspgpu.o)
                0x0000000000109f5c                gspPresentBuffer
 .text.gspSetEventCallback
                0x0000000000109ff4       0x30 /opt/devkitpro/libctru/lib/libctru.a(gspgpu.o)
                0x0000000000109ff4                gspSetEventCallback
 .text.gspWaitForEvent
                0x000000000010a024       0x50 /opt/devkitpro/libctru/lib/libctru.a(gspgpu.o)
                0x000000000010a024                gspWaitForEvent
 .text.gspWaitForAnyEvent
                0x000000000010a074       0x4c /opt/devkitpro/libctru/lib/libctru.a(gspgpu.o)
                0x000000000010a074                gspWaitForAnyEvent
 .text.gspEventThreadMain
                0x000000000010a0c0      0x160 /opt/devkitpro/libctru/lib/libctru.a(gspgpu.o)
 .text.gspSubmitGxCommand
                0x000000000010a220      0x130 /opt/devkitpro/libctru/lib/libctru.a(gspgpu.o)
                0x000000000010a220                gspSubmitGxCommand
 .text.GSPGPU_FlushDataCache
                0x000000000010a350       0x50 /opt/devkitpro/libctru/lib/libctru.a(gspgpu.o)
                0x000000000010a350                GSPGPU_FlushDataCache
 .text.GSPGPU_SetLcdForceBlack
                0x000000000010a3a0       0x34 /opt/devkitpro/libctru/lib/libctru.a(gspgpu.o)
                0x000000000010a3a0                GSPGPU_SetLcdForceBlack
 .text.GSPGPU_AcquireRight
                0x000000000010a3d4       0x68 /opt/devkitpro/libctru/lib/libctru.a(gspgpu.o)
                0x000000000010a3d4                GSPGPU_AcquireRight
 .text.GSPGPU_ReleaseRight
                0x000000000010a43c       0x48 /opt/devkitpro/libctru/lib/libctru.a(gspgpu.o)
                0x000000000010a43c                GSPGPU_ReleaseRight
 .text.GSPGPU_ImportDisplayCaptureInfo
                0x000000000010a484       0x7c /opt/devkitpro/libctru/lib/libctru.a(gspgpu.o)
                0x000000000010a484                GSPGPU_ImportDisplayCaptureInfo
 .text.GSPGPU_SaveVramSysArea
                0x000000000010a500       0x2c /opt/devkitpro/libctru/lib/libctru.a(gspgpu.o)
                0x000000000010a500                GSPGPU_SaveVramSysArea
 .text.GSPGPU_RestoreVramSysArea
                0x000000000010a52c       0x2c /opt/devkitpro/libctru/lib/libctru.a(gspgpu.o)
                0x000000000010a52c                GSPGPU_RestoreVramSysArea
 .text.aptConvertScreenForCapture
                0x000000000010a558      0x1b0 /opt/devkitpro/libctru/lib/libctru.a(apt.o)
 .text.aptDspSleep
                0x000000000010a708        0x8 /opt/devkitpro/libctru/lib/libctru.a(apt.o)
                0x000000000010a708                aptDspSleep
 .text.aptDspWakeup
                0x000000000010a710        0x4 /opt/devkitpro/libctru/lib/libctru.a(apt.o)
                0x000000000010a710                aptDspWakeup
 .text.aptDspCancel
                0x000000000010a714        0x4 /opt/devkitpro/libctru/lib/libctru.a(apt.o)
                0x000000000010a714                aptDspCancel
 .text.aptSendCommand
                0x000000000010a718      0x15c /opt/devkitpro/libctru/lib/libctru.a(apt.o)
                0x000000000010a718                aptSendCommand
 .text.aptExitProcess
                0x000000000010a874       0x38 /opt/devkitpro/libctru/lib/libctru.a(apt.o)
 .text.aptExit  0x000000000010a8ac      0x2f0 /opt/devkitpro/libctru/lib/libctru.a(apt.o)
                0x000000000010a8ac                aptExit
 .text.aptHandleSleep
                0x000000000010ab9c       0xd8 /opt/devkitpro/libctru/lib/libctru.a(apt.o)
                0x000000000010ab9c                aptHandleSleep
 .text.aptHook  0x000000000010ac74       0x30 /opt/devkitpro/libctru/lib/libctru.a(apt.o)
                0x000000000010ac74                aptHook
 .text.aptUnhook
                0x000000000010aca4       0x30 /opt/devkitpro/libctru/lib/libctru.a(apt.o)
                0x000000000010aca4                aptUnhook
 .text.APT_SleepIfShellClosed
                0x000000000010acd4       0x84 /opt/devkitpro/libctru/lib/libctru.a(apt.o)
                0x000000000010acd4                APT_SleepIfShellClosed
 .text.aptSetSleepAllowed
                0x000000000010ad58       0x84 /opt/devkitpro/libctru/lib/libctru.a(apt.o)
                0x000000000010ad58                aptSetSleepAllowed
 .text.APT_UnlockTransition
                0x000000000010addc       0x84 /opt/devkitpro/libctru/lib/libctru.a(apt.o)
                0x000000000010addc                APT_UnlockTransition
 .text.aptEventHandler
                0x000000000010ae60      0x484 /opt/devkitpro/libctru/lib/libctru.a(apt.o)
 .text.APT_ReceiveParameter
                0x000000000010b2e4       0xb0 /opt/devkitpro/libctru/lib/libctru.a(apt.o)
                0x000000000010b2e4                APT_ReceiveParameter
 .text.aptReceiveParameter.constprop.0
                0x000000000010b394       0xb0 /opt/devkitpro/libctru/lib/libctru.a(apt.o)
 *fill*         0x000000000010b444        0x4 
 .text.aptScreenTransfer
                0x000000000010b448      0x2bc /opt/devkitpro/libctru/lib/libctru.a(apt.o)
 .text.aptWaitForWakeUp.isra.0
                0x000000000010b704      0x2d0 /opt/devkitpro/libctru/lib/libctru.a(apt.o)
 .text.aptJumpToHomeMenu
                0x000000000010b9d4       0xf8 /opt/devkitpro/libctru/lib/libctru.a(apt.o)
                0x000000000010b9d4                aptJumpToHomeMenu
 .text.aptMainLoop
                0x000000000010bacc       0x4c /opt/devkitpro/libctru/lib/libctru.a(apt.o)
                0x000000000010bacc                aptMainLoop
 .text.aptInit  0x000000000010bb18      0x234 /opt/devkitpro/libctru/lib/libctru.a(apt.o)
                0x000000000010bb18                aptInit
 .text.APT_CheckNew3DS
                0x000000000010bd4c       0x7c /opt/devkitpro/libctru/lib/libctru.a(apt.o)
                0x000000000010bd4c                APT_CheckNew3DS
 .text.APT_GetSharedFont
                0x000000000010bdc8       0x48 /opt/devkitpro/libctru/lib/libctru.a(apt.o)
                0x000000000010bdc8                APT_GetSharedFont
 .text.hidShouldUseIrrst
                0x000000000010be10       0x24 /opt/devkitpro/libctru/lib/libctru.a(hid.o)
                0x000000000010be10                hidShouldUseIrrst
 .text.hidInit  0x000000000010be34      0x18c /opt/devkitpro/libctru/lib/libctru.a(hid.o)
                0x000000000010be34                hidInit
 .text.hidExit  0x000000000010bfc0       0xe8 /opt/devkitpro/libctru/lib/libctru.a(hid.o)
                0x000000000010bfc0                hidExit
 .text.hidScanInput
                0x000000000010c0a8      0x294 /opt/devkitpro/libctru/lib/libctru.a(hid.o)
                0x000000000010c0a8                hidScanInput
 .text.hidKeysDown
                0x000000000010c33c       0x10 /opt/devkitpro/libctru/lib/libctru.a(hid.o)
                0x000000000010c33c                hidKeysDown
 .text.ptmSysmInit
                0x000000000010c34c       0x74 /opt/devkitpro/libctru/lib/libctru.a(ptmsysm.o)
                0x000000000010c34c                ptmSysmInit
 .text.ptmSysmExit
                0x000000000010c3c0       0x3c /opt/devkitpro/libctru/lib/libctru.a(ptmsysm.o)
                0x000000000010c3c0                ptmSysmExit
 .text.PTMSYSM_ConfigureNew3DSCPU
                0x000000000010c3fc       0x34 /opt/devkitpro/libctru/lib/libctru.a(ptmsysm.o)
                0x000000000010c3fc                PTMSYSM_ConfigureNew3DSCPU
 .text.fsInit   0x000000000010c430       0xc8 /opt/devkitpro/libctru/lib/libctru.a(fs.o)
                0x000000000010c430                fsInit
 .text.fsExit   0x000000000010c4f8       0x3c /opt/devkitpro/libctru/lib/libctru.a(fs.o)
                0x000000000010c4f8                fsExit
 .text.fsExemptFromSession
                0x000000000010c534       0x60 /opt/devkitpro/libctru/lib/libctru.a(fs.o)
                0x000000000010c534                fsExemptFromSession
 .text.fsUnexemptFromSession
                0x000000000010c594       0x50 /opt/devkitpro/libctru/lib/libctru.a(fs.o)
                0x000000000010c594                fsUnexemptFromSession
 .text.FSUSER_OpenFile
                0x000000000010c5e4       0xcc /opt/devkitpro/libctru/lib/libctru.a(fs.o)
                0x000000000010c5e4                FSUSER_OpenFile
 .text.FSUSER_DeleteFile
                0x000000000010c6b0       0xbc /opt/devkitpro/libctru/lib/libctru.a(fs.o)
                0x000000000010c6b0                FSUSER_DeleteFile
 .text.FSUSER_RenameFile
                0x000000000010c76c       0xf8 /opt/devkitpro/libctru/lib/libctru.a(fs.o)
                0x000000000010c76c                FSUSER_RenameFile
 .text.FSUSER_DeleteDirectory
                0x000000000010c864       0xbc /opt/devkitpro/libctru/lib/libctru.a(fs.o)
                0x000000000010c864                FSUSER_DeleteDirectory
 .text.FSUSER_CreateFile
                0x000000000010c920       0xd4 /opt/devkitpro/libctru/lib/libctru.a(fs.o)
                0x000000000010c920                FSUSER_CreateFile
 .text.FSUSER_CreateDirectory
                0x000000000010c9f4       0xc4 /opt/devkitpro/libctru/lib/libctru.a(fs.o)
                0x000000000010c9f4                FSUSER_CreateDirectory
 .text.FSUSER_RenameDirectory
                0x000000000010cab8       0xf8 /opt/devkitpro/libctru/lib/libctru.a(fs.o)
                0x000000000010cab8                FSUSER_RenameDirectory
 .text.FSUSER_OpenDirectory
                0x000000000010cbb0       0xb4 /opt/devkitpro/libctru/lib/libctru.a(fs.o)
                0x000000000010cbb0                FSUSER_OpenDirectory
 .text.FSUSER_OpenArchive
                0x000000000010cc64       0x94 /opt/devkitpro/libctru/lib/libctru.a(fs.o)
                0x000000000010cc64                FSUSER_OpenArchive
 .text.FSUSER_CloseArchive
                0x000000000010ccf8       0x8c /opt/devkitpro/libctru/lib/libctru.a(fs.o)
                0x000000000010ccf8                FSUSER_CloseArchive
 .text.FSUSER_GetSdmcArchiveResource
                0x000000000010cd84       0x74 /opt/devkitpro/libctru/lib/libctru.a(fs.o)
                0x000000000010cd84                FSUSER_GetSdmcArchiveResource
 .text.FSUSER_IsSdmcWritable
                0x000000000010cdf8       0x64 /opt/devkitpro/libctru/lib/libctru.a(fs.o)
                0x000000000010cdf8                FSUSER_IsSdmcWritable
 .text.FSFILE_Read
                0x000000000010ce5c       0x58 /opt/devkitpro/libctru/lib/libctru.a(fs.o)
                0x000000000010ce5c                FSFILE_Read
 .text.FSFILE_Write
                0x000000000010ceb4       0x60 /opt/devkitpro/libctru/lib/libctru.a(fs.o)
                0x000000000010ceb4                FSFILE_Write
 .text.FSFILE_GetSize
                0x000000000010cf14       0x38 /opt/devkitpro/libctru/lib/libctru.a(fs.o)
                0x000000000010cf14                FSFILE_GetSize
 .text.FSFILE_SetSize
                0x000000000010cf4c       0x28 /opt/devkitpro/libctru/lib/libctru.a(fs.o)
                0x000000000010cf4c                FSFILE_SetSize
 .text.FSFILE_Close
                0x000000000010cf74       0x3c /opt/devkitpro/libctru/lib/libctru.a(fs.o)
                0x000000000010cf74                FSFILE_Close
 .text.FSFILE_Flush
                0x000000000010cfb0       0x24 /opt/devkitpro/libctru/lib/libctru.a(fs.o)
                0x000000000010cfb0                FSFILE_Flush
 .text.FSDIR_Read
                0x000000000010cfd4       0x50 /opt/devkitpro/libctru/lib/libctru.a(fs.o)
                0x000000000010cfd4                FSDIR_Read
 .text.FSDIR_Close
                0x000000000010d024       0x3c /opt/devkitpro/libctru/lib/libctru.a(fs.o)
                0x000000000010d024                FSDIR_Close
 .text.rbtree_init
                0x000000000010d060       0x10 /opt/devkitpro/libctru/lib/libctru.a(rbtree_init.o)
                0x000000000010d060                rbtree_init
 .text.do_insert
                0x000000000010d070      0x1a0 /opt/devkitpro/libctru/lib/libctru.a(rbtree_insert.o)
 .text.rbtree_insert
                0x000000000010d210        0x8 /opt/devkitpro/libctru/lib/libctru.a(rbtree_insert.o)
                0x000000000010d210                rbtree_insert
 .text.rbtree_rotate
                0x000000000010d218       0x90 /opt/devkitpro/libctru/lib/libctru.a(rbtree_rotate.o)
                0x000000000010d218                rbtree_rotate
 .text.rbtree_remove
                0x000000000010d2a8      0x338 /opt/devkitpro/libctru/lib/libctru.a(rbtree_remove.o)
                0x000000000010d2a8                rbtree_remove
 .text.rbtree_find
                0x000000000010d5e0       0x74 /opt/devkitpro/libctru/lib/libctru.a(rbtree_find.o)
                0x000000000010d5e0                rbtree_find
 .text.utf16_to_utf8
                0x000000000010d654       0xe8 /opt/devkitpro/libctru/lib/libctru.a(utf16_to_utf8.o)
                0x000000000010d654                utf16_to_utf8
 .text.decode_utf16
                0x000000000010d73c       0x64 /opt/devkitpro/libctru/lib/libctru.a(decode_utf16.o)
                0x000000000010d73c                decode_utf16
 .text.decode_utf8
                0x000000000010d7a0      0x13c /opt/devkitpro/libctru/lib/libctru.a(decode_utf8.o)
                0x000000000010d7a0                decode_utf8
 .text.utf8_to_utf16
                0x000000000010d8dc       0xc0 /opt/devkitpro/libctru/lib/libctru.a(utf8_to_utf16.o)
                0x000000000010d8dc                utf8_to_utf16
 *fill*         0x000000000010d99c        0x4 
 .text.__system_allocateHeaps
                0x000000000010d9a0      0x1e0 /opt/devkitpro/libctru/lib/libctru.a(allocateHeaps.o)
                0x000000000010d9a0                __system_allocateHeaps
 .text.__libctru_init
                0x000000000010db80       0x38 /opt/devkitpro/libctru/lib/libctru.a(ctru_init.o)
                0x000000000010db80                __libctru_init
 .text.__system_initArgv
                0x000000000010dbb8       0xf0 /opt/devkitpro/libctru/lib/libctru.a(initArgv.o)
                0x000000000010dbb8                __system_initArgv
 .text.svcControlMemory
                0x000000000010dca8       0x20 /opt/devkitpro/libctru/lib/libctru.a(svc.o)
                0x000000000010dca8                svcControlMemory
 .text.svcQueryMemory
                0x000000000010dcc8       0x30 /opt/devkitpro/libctru/lib/libctru.a(svc.o)
                0x000000000010dcc8                svcQueryMemory
 .text.svcExitProcess
                0x000000000010dcf8        0x8 /opt/devkitpro/libctru/lib/libctru.a(svc.o)
                0x000000000010dcf8                svcExitProcess
 .text.svcCreateThread
                0x000000000010dd00       0x20 /opt/devkitpro/libctru/lib/libctru.a(svc.o)
                0x000000000010dd00                svcCreateThread
 .text.svcExitThread
                0x000000000010dd20        0x8 /opt/devkitpro/libctru/lib/libctru.a(svc.o)
                0x000000000010dd20                svcExitThread
 .text.svcSleepThread
                0x000000000010dd28        0x8 /opt/devkitpro/libctru/lib/libctru.a(svc.o)
                0x000000000010dd28                svcSleepThread
 .text.svcReleaseMutex
                0x000000000010dd30        0x8 /opt/devkitpro/libctru/lib/libctru.a(svc.o)
                0x000000000010dd30                svcReleaseMutex
 .text.svcCreateEvent
                0x000000000010dd38       0x14 /opt/devkitpro/libctru/lib/libctru.a(svc.o)
                0x000000000010dd38                svcCreateEvent
 .text.svcSignalEvent
                0x000000000010dd4c        0x8 /opt/devkitpro/libctru/lib/libctru.a(svc.o)
                0x000000000010dd4c                svcSignalEvent
 .text.svcClearEvent
                0x000000000010dd54        0x8 /opt/devkitpro/libctru/lib/libctru.a(svc.o)
                0x000000000010dd54                svcClearEvent
 .text.svcMapMemoryBlock
                0x000000000010dd5c        0x8 /opt/devkitpro/libctru/lib/libctru.a(svc.o)
                0x000000000010dd5c                svcMapMemoryBlock
 .text.svcUnmapMemoryBlock
                0x000000000010dd64        0x8 /opt/devkitpro/libctru/lib/libctru.a(svc.o)
                0x000000000010dd64                svcUnmapMemoryBlock
 .text.svcCreateAddressArbiter
                0x000000000010dd6c       0x14 /opt/devkitpro/libctru/lib/libctru.a(svc.o)
                0x000000000010dd6c                svcCreateAddressArbiter
 .text.svcArbitrateAddressNoTimeout
                0x000000000010dd80        0x8 /opt/devkitpro/libctru/lib/libctru.a(svc.o)
                0x000000000010dd80                svcArbitrateAddressNoTimeout
 .text.svcCloseHandle
                0x000000000010dd88        0x8 /opt/devkitpro/libctru/lib/libctru.a(svc.o)
                0x000000000010dd88                svcCloseHandle
 .text.svcWaitSynchronization
                0x000000000010dd90        0x8 /opt/devkitpro/libctru/lib/libctru.a(svc.o)
                0x000000000010dd90                svcWaitSynchronization
 .text.svcWaitSynchronizationN
                0x000000000010dd98       0x28 /opt/devkitpro/libctru/lib/libctru.a(svc.o)
                0x000000000010dd98                svcWaitSynchronizationN
 .text.svcDuplicateHandle
                0x000000000010ddc0       0x14 /opt/devkitpro/libctru/lib/libctru.a(svc.o)
                0x000000000010ddc0                svcDuplicateHandle
 .text.svcGetSystemTick
                0x000000000010ddd4        0x8 /opt/devkitpro/libctru/lib/libctru.a(svc.o)
                0x000000000010ddd4                svcGetSystemTick
 .text.svcConnectToPort
                0x000000000010dddc       0x14 /opt/devkitpro/libctru/lib/libctru.a(svc.o)
                0x000000000010dddc                svcConnectToPort
 .text.svcSendSyncRequest
                0x000000000010ddf0        0x8 /opt/devkitpro/libctru/lib/libctru.a(svc.o)
                0x000000000010ddf0                svcSendSyncRequest
 .text.svcGetResourceLimit
                0x000000000010ddf8       0x14 /opt/devkitpro/libctru/lib/libctru.a(svc.o)
                0x000000000010ddf8                svcGetResourceLimit
 .text.svcGetResourceLimitLimitValues
                0x000000000010de0c        0x8 /opt/devkitpro/libctru/lib/libctru.a(svc.o)
                0x000000000010de0c                svcGetResourceLimitLimitValues
 .text.svcGetResourceLimitCurrentValues
                0x000000000010de14        0x8 /opt/devkitpro/libctru/lib/libctru.a(svc.o)
                0x000000000010de14                svcGetResourceLimitCurrentValues
 .text.svcBreak
                0x000000000010de1c        0x8 /opt/devkitpro/libctru/lib/libctru.a(svc.o)
                0x000000000010de1c                svcBreak
 .text.initSystem
                0x000000000010de24       0x50 /opt/devkitpro/libctru/lib/libctru.a(stack_adjust.o)
                0x000000000010de24                initSystem
 .text.__ctru_exit
                0x000000000010de74       0x18 /opt/devkitpro/libctru/lib/libctru.a(stack_adjust.o)
                0x000000000010de74                __ctru_exit
 .text.__aeabi_read_tp
                0x000000000010de8c        0xc /opt/devkitpro/libctru/lib/libctru.a(readtp.o)
                0x000000000010de8c                __aeabi_read_tp
 .text.__sync_init
                0x000000000010de98        0xc /opt/devkitpro/libctru/lib/libctru.a(synchronization.o)
                0x000000000010de98                __sync_init
 .text.__sync_fini
                0x000000000010dea4       0x18 /opt/devkitpro/libctru/lib/libctru.a(synchronization.o)
                0x000000000010dea4                __sync_fini
 .text.syncArbitrateAddress
                0x000000000010debc       0x2c /opt/devkitpro/libctru/lib/libctru.a(synchronization.o)
                0x000000000010debc                syncArbitrateAddress
 .text.LightLock_Init
                0x000000000010dee8       0x1c /opt/devkitpro/libctru/lib/libctru.a(synchronization.o)
                0x000000000010dee8                LightLock_Init
 .text.LightLock_Lock
                0x000000000010df04       0x94 /opt/devkitpro/libctru/lib/libctru.a(synchronization.o)
                0x000000000010df04                LightLock_Lock
 .text.LightLock_TryLock
                0x000000000010df98       0x44 /opt/devkitpro/libctru/lib/libctru.a(synchronization.o)
                0x000000000010df98                LightLock_TryLock
 .text.LightLock_Unlock
                0x000000000010dfdc       0x40 /opt/devkitpro/libctru/lib/libctru.a(synchronization.o)
                0x000000000010dfdc                LightLock_Unlock
 .text.RecursiveLock_Init
                0x000000000010e01c       0x24 /opt/devkitpro/libctru/lib/libctru.a(synchronization.o)
                0x000000000010e01c                RecursiveLock_Init
 .text.RecursiveLock_Lock
                0x000000000010e040       0x30 /opt/devkitpro/libctru/lib/libctru.a(synchronization.o)
                0x000000000010e040                RecursiveLock_Lock
 .text.RecursiveLock_TryLock
                0x000000000010e070       0x78 /opt/devkitpro/libctru/lib/libctru.a(synchronization.o)
                0x000000000010e070                RecursiveLock_TryLock
 .text.RecursiveLock_Unlock
                0x000000000010e0e8       0x54 /opt/devkitpro/libctru/lib/libctru.a(synchronization.o)
                0x000000000010e0e8                RecursiveLock_Unlock
 .text.LightEvent_Init
                0x000000000010e13c       0x40 /opt/devkitpro/libctru/lib/libctru.a(synchronization.o)
                0x000000000010e13c                LightEvent_Init
 .text.LightEvent_Clear
                0x000000000010e17c       0xa4 /opt/devkitpro/libctru/lib/libctru.a(synchronization.o)
                0x000000000010e17c                LightEvent_Clear
 .text.LightEvent_Signal
                0x000000000010e220       0xc8 /opt/devkitpro/libctru/lib/libctru.a(synchronization.o)
                0x000000000010e220                LightEvent_Signal
 .text.LightEvent_TryWait
                0x000000000010e2e8       0x58 /opt/devkitpro/libctru/lib/libctru.a(synchronization.o)
                0x000000000010e2e8                LightEvent_TryWait
 .text.LightEvent_Wait
                0x000000000010e340       0xb0 /opt/devkitpro/libctru/lib/libctru.a(synchronization.o)
                0x000000000010e340                LightEvent_Wait
 .text.envGetHandle
                0x000000000010e3f0       0x84 /opt/devkitpro/libctru/lib/libctru.a(env.o)
                0x000000000010e3f0                envGetHandle
 .text.envDestroyHandles
                0x000000000010e474       0x50 /opt/devkitpro/libctru/lib/libctru.a(env.o)
                0x000000000010e474                envDestroyHandles
 .text.srvInit  0x000000000010e4c4      0x124 /opt/devkitpro/libctru/lib/libctru.a(srv.o)
                0x000000000010e4c4                srvInit
 .text.srvExit  0x000000000010e5e8       0x58 /opt/devkitpro/libctru/lib/libctru.a(srv.o)
                0x000000000010e5e8                srvExit
 .text.srvGetServiceHandleDirect
                0x000000000010e640       0x80 /opt/devkitpro/libctru/lib/libctru.a(srv.o)
                0x000000000010e640                srvGetServiceHandleDirect
 .text.srvGetServiceHandle
                0x000000000010e6c0       0x48 /opt/devkitpro/libctru/lib/libctru.a(srv.o)
                0x000000000010e6c0                srvGetServiceHandle
 .text.srvPublishToSubscriber
                0x000000000010e708       0x38 /opt/devkitpro/libctru/lib/libctru.a(srv.o)
                0x000000000010e708                srvPublishToSubscriber
 .text.threadCreate
                0x000000000010e740      0x188 /opt/devkitpro/libctru/lib/libctru.a(thread.o)
                0x000000000010e740                threadCreate
 .text.threadFree
                0x000000000010e8c8       0x2c /opt/devkitpro/libctru/lib/libctru.a(thread.o)
                0x000000000010e8c8                threadFree
 .text.threadJoin
                0x000000000010e8f4       0x24 /opt/devkitpro/libctru/lib/libctru.a(thread.o)
                0x000000000010e8f4                threadJoin
 .text.threadGetCurrent
                0x000000000010e918       0x30 /opt/devkitpro/libctru/lib/libctru.a(thread.o)
                0x000000000010e918                threadGetCurrent
 .text.threadExit
                0x000000000010e948       0x40 /opt/devkitpro/libctru/lib/libctru.a(thread.o)
                0x000000000010e948                threadExit
 .text._thread_begin
                0x000000000010e988       0x44 /opt/devkitpro/libctru/lib/libctru.a(thread.o)
 .text.mappableFindAddressWithin
                0x000000000010e9cc       0x94 /opt/devkitpro/libctru/lib/libctru.a(mappable.o)
 .text.mappableInit
                0x000000000010ea60       0x28 /opt/devkitpro/libctru/lib/libctru.a(mappable.o)
                0x000000000010ea60                mappableInit
 .text.mappableAlloc
                0x000000000010ea88       0x80 /opt/devkitpro/libctru/lib/libctru.a(mappable.o)
                0x000000000010ea88                mappableAlloc
 .text.mappableFree
                0x000000000010eb08        0x4 /opt/devkitpro/libctru/lib/libctru.a(mappable.o)
                0x000000000010eb08                mappableFree
 .text.irrstInit
                0x000000000010eb0c      0x160 /opt/devkitpro/libctru/lib/libctru.a(irrst.o)
                0x000000000010eb0c                irrstInit
 .text.irrstExit
                0x000000000010ec6c       0xcc /opt/devkitpro/libctru/lib/libctru.a(irrst.o)
                0x000000000010ec6c                irrstExit
 .text.irrstScanInput
                0x000000000010ed38       0xb0 /opt/devkitpro/libctru/lib/libctru.a(irrst.o)
                0x000000000010ed38                irrstScanInput
 .text.irrstKeysHeld
                0x000000000010ede8       0x24 /opt/devkitpro/libctru/lib/libctru.a(irrst.o)
                0x000000000010ede8                irrstKeysHeld
 .text.srvPmGetSessionHandle
                0x000000000010ee0c        0xc /opt/devkitpro/libctru/lib/libctru.a(srvpm.o)
                0x000000000010ee0c                srvPmGetSessionHandle
 .text.rbtree_node_next
                0x000000000010ee18       0x50 /opt/devkitpro/libctru/lib/libctru.a(rbtree_iterator.o)
                0x000000000010ee18                rbtree_node_next
 .text.encode_utf16
                0x000000000010ee68       0x60 /opt/devkitpro/libctru/lib/libctru.a(encode_utf16.o)
                0x000000000010ee68                encode_utf16
 .text.encode_utf8
                0x000000000010eec8       0xfc /opt/devkitpro/libctru/lib/libctru.a(encode_utf8.o)
                0x000000000010eec8                encode_utf8
 .text.__appInit
                0x000000000010efc4       0x30 /opt/devkitpro/libctru/lib/libctru.a(appInit.o)
                0x000000000010efc4                __appInit
 .text.__libctru_nanosleep
                0x000000000010eff4       0x30 /opt/devkitpro/libctru/lib/libctru.a(syscalls.o)
 .text.__libctru_get_reent
                0x000000000010f024       0x30 /opt/devkitpro/libctru/lib/libctru.a(syscalls.o)
 .text.__system_initSyscalls
                0x000000000010f054       0xf8 /opt/devkitpro/libctru/lib/libctru.a(syscalls.o)
                0x000000000010f054                __system_initSyscalls
 .text.__appExit
                0x000000000010f14c       0x30 /opt/devkitpro/libctru/lib/libctru.a(appExit.o)
                0x000000000010f14c                __appExit
 .text.__libctru_exit
                0x000000000010f17c       0x90 /opt/devkitpro/libctru/lib/libctru.a(ctru_exit.o)
                0x000000000010f17c                __libctru_exit
 .text.archive_link
                0x000000000010f20c       0x14 /opt/devkitpro/libctru/lib/libctru.a(archive_dev.o)
 .text.archive_dirreset
                0x000000000010f220       0x14 /opt/devkitpro/libctru/lib/libctru.a(archive_dev.o)
 .text.archive_chmod
                0x000000000010f234       0x14 /opt/devkitpro/libctru/lib/libctru.a(archive_dev.o)
 .text.error_cmp
                0x000000000010f248       0x24 /opt/devkitpro/libctru/lib/libctru.a(archive_dev.o)
 .text.archive_translate_error
                0x000000000010f26c       0x50 /opt/devkitpro/libctru/lib/libctru.a(archive_dev.o)
 .text.archive_seek
                0x000000000010f2bc       0xd4 /opt/devkitpro/libctru/lib/libctru.a(archive_dev.o)
 .text._archiveInit.part.0
                0x000000000010f390       0x7c /opt/devkitpro/libctru/lib/libctru.a(archive_dev.o)
 .text.archiveFindDevice.part.0
                0x000000000010f40c       0x8c /opt/devkitpro/libctru/lib/libctru.a(archive_dev.o)
 .text.archive_utf16path
                0x000000000010f498      0x294 /opt/devkitpro/libctru/lib/libctru.a(archive_dev.o)
 .text._archiveUnmountDeviceStruct.part.0
                0x000000000010f72c       0xa0 /opt/devkitpro/libctru/lib/libctru.a(archive_dev.o)
 .text.archive_fchmod
                0x000000000010f7cc       0x14 /opt/devkitpro/libctru/lib/libctru.a(archive_dev.o)
 .text.archive_statvfs
                0x000000000010f7e0       0x14 /opt/devkitpro/libctru/lib/libctru.a(archive_dev.o)
 .text._archiveMountDevice
                0x000000000010f7f4      0x158 /opt/devkitpro/libctru/lib/libctru.a(archive_dev.o)
 .text.archive_diropen
                0x000000000010f94c       0xe8 /opt/devkitpro/libctru/lib/libctru.a(archive_dev.o)
 .text.archive_fstat
                0x000000000010fa34       0xa4 /opt/devkitpro/libctru/lib/libctru.a(archive_dev.o)
 .text.archive_close
                0x000000000010fad8       0x6c /opt/devkitpro/libctru/lib/libctru.a(archive_dev.o)
 .text.archive_fsync
                0x000000000010fb44       0x6c /opt/devkitpro/libctru/lib/libctru.a(archive_dev.o)
 .text.archive_dirclose
                0x000000000010fbb0       0x70 /opt/devkitpro/libctru/lib/libctru.a(archive_dev.o)
 .text.sdmc_statvfs
                0x000000000010fc20       0xe8 /opt/devkitpro/libctru/lib/libctru.a(archive_dev.o)
 .text.archive_ftruncate
                0x000000000010fd08       0x80 /opt/devkitpro/libctru/lib/libctru.a(archive_dev.o)
 .text.archive_chdir
                0x000000000010fd88       0xfc /opt/devkitpro/libctru/lib/libctru.a(archive_dev.o)
 .text.archive_read
                0x000000000010fe84       0xb0 /opt/devkitpro/libctru/lib/libctru.a(archive_dev.o)
 .text.archive_unlink
                0x000000000010ff34       0xac /opt/devkitpro/libctru/lib/libctru.a(archive_dev.o)
 .text.archive_rmdir
                0x000000000010ffe0       0xc8 /opt/devkitpro/libctru/lib/libctru.a(archive_dev.o)
 .text.archive_mkdir
                0x00000000001100a8       0xec /opt/devkitpro/libctru/lib/libctru.a(archive_dev.o)
 .text.archive_stat
                0x0000000000110194      0x1a8 /opt/devkitpro/libctru/lib/libctru.a(archive_dev.o)
 .text.archive_rename
                0x000000000011033c      0x184 /opt/devkitpro/libctru/lib/libctru.a(archive_dev.o)
 .text.archive_dirnext
                0x00000000001104c0      0x168 /opt/devkitpro/libctru/lib/libctru.a(archive_dev.o)
 .text.archive_write
                0x0000000000110628      0x12c /opt/devkitpro/libctru/lib/libctru.a(archive_dev.o)
 .text.archive_open
                0x0000000000110754      0x1f0 /opt/devkitpro/libctru/lib/libctru.a(archive_dev.o)
 .text.archiveMountSdmc
                0x0000000000110944      0x1a4 /opt/devkitpro/libctru/lib/libctru.a(archive_dev.o)
                0x0000000000110944                archiveMountSdmc
 .text.archiveUnmountAll
                0x0000000000110ae8       0x54 /opt/devkitpro/libctru/lib/libctru.a(archive_dev.o)
                0x0000000000110ae8                archiveUnmountAll
 .text.ceilf    0x0000000000110b3c       0xb8 /opt/devkitpro/devkitARM/bin/../lib/gcc/arm-none-eabi/11.1.0/../../../../arm-none-eabi/lib/armv6k/fpu/libm.a(lib_a-sf_ceil.o)
                0x0000000000110b3c                ceilf
 .text.__udivmoddi4
                0x0000000000110bf4      0x120 /opt/devkitpro/devkitARM/bin/../lib/gcc/arm-none-eabi/11.1.0/armv6k/fpu/libgcc.a(_udivmoddi4.o)
                0x0000000000110bf4                __udivmoddi4
 .text.bsearch  0x0000000000110d14       0x78 /opt/devkitpro/devkitARM/bin/../lib/gcc/arm-none-eabi/11.1.0/../../../../arm-none-eabi/lib/armv6k/fpu/libg.a(lib_a-bsearch.o)
                0x0000000000110d14                bsearch
 .text.calloc   0x0000000000110d8c       0x28 /opt/devkitpro/devkitARM/bin/../lib/gcc/arm-none-eabi/11.1.0/../../../../arm-none-eabi/lib/armv6k/fpu/libg.a(lib_a-calloc.o)
                0x0000000000110d8c                calloc
 .text._calloc_r
                0x0000000000110db4       0xbc /opt/devkitpro/devkitARM/bin/../lib/gcc/arm-none-eabi/11.1.0/../../../../arm-none-eabi/lib/armv6k/fpu/libg.a(lib_a-callocr.o)
                0x0000000000110db4                _calloc_r
 .text.__errno  0x0000000000110e70        0xc /opt/devkitpro/devkitARM/bin/../lib/gcc/arm-none-eabi/11.1.0/../../../../arm-none-eabi/lib/armv6k/fpu/libg.a(lib_a-errno.o)
                0x0000000000110e70                __errno
 .text.exit     0x0000000000110e7c       0x34 /opt/devkitpro/devkitARM/bin/../lib/gcc/arm-none-eabi/11.1.0/../../../../arm-none-eabi/lib/armv6k/fpu/libg.a(lib_a-exit.o)
                0x0000000000110e7c                exit
 .text._fclose_r
                0x0000000000110eb0      0x160 /opt/devkitpro/devkitARM/bin/../lib/gcc/arm-none-eabi/11.1.0/../../../../arm-none-eabi/lib/armv6k/fpu/libg.a(lib_a-fclose.o)
                0x0000000000110eb0                _fclose_r
 .text.fclose   0x0000000000111010       0x20 /opt/devkitpro/devkitARM/bin/../lib/gcc/arm-none-eabi/11.1.0/../../../../arm-none-eabi/lib/armv6k/fpu/libg.a(lib_a-fclose.o)
                0x0000000000111010                fclose
 .text.__sflush_r
                0x0000000000111030      0x258 /opt/devkitpro/devkitARM/bin/../lib/gcc/arm-none-eabi/11.1.0/../../../../arm-none-eabi/lib/armv6k/fpu/libg.a(lib_a-fflush.o)
                0x0000000000111030                __sflush_r
 .text._fflush_r
                0x0000000000111288       0x94 /opt/devkitpro/devkitARM/bin/../lib/gcc/arm-none-eabi/11.1.0/../../../../arm-none-eabi/lib/armv6k/fpu/libg.a(lib_a-fflush.o)
                0x0000000000111288                _fflush_r
 .text.fflush   0x000000000011131c       0x38 /opt/devkitpro/devkitARM/bin/../lib/gcc/arm-none-eabi/11.1.0/../../../../arm-none-eabi/lib/armv6k/fpu/libg.a(lib_a-fflush.o)
                0x000000000011131c                fflush
 .text._cleanup_r
                0x0000000000111354        0xc /opt/devkitpro/devkitARM/bin/../lib/gcc/arm-none-eabi/11.1.0/../../../../arm-none-eabi/lib/armv6k/fpu/libg.a(lib_a-findfp.o)
                0x0000000000111354                _cleanup_r
 .text.__sinit  0x0000000000111360      0x184 /opt/devkitpro/devkitARM/bin/../lib/gcc/arm-none-eabi/11.1.0/../../../../arm-none-eabi/lib/armv6k/fpu/libg.a(lib_a-findfp.o)
                0x0000000000111360                __sinit
 .text.__sfp    0x00000000001114e4      0x134 /opt/devkitpro/devkitARM/bin/../lib/gcc/arm-none-eabi/11.1.0/../../../../arm-none-eabi/lib/armv6k/fpu/libg.a(lib_a-findfp.o)
                0x00000000001114e4                __sfp
 .text.__sfp_lock_acquire
                0x0000000000111618        0xc /opt/devkitpro/devkitARM/bin/../lib/gcc/arm-none-eabi/11.1.0/../../../../arm-none-eabi/lib/armv6k/fpu/libg.a(lib_a-findfp.o)
                0x0000000000111618                __sfp_lock_acquire
 .text.__sfp_lock_release
                0x0000000000111624        0xc /opt/devkitpro/devkitARM/bin/../lib/gcc/arm-none-eabi/11.1.0/../../../../arm-none-eabi/lib/armv6k/fpu/libg.a(lib_a-findfp.o)
                0x0000000000111624                __sfp_lock_release
 .text.__libc_fini_array
                0x0000000000111630       0x3c /opt/devkitpro/devkitARM/bin/../lib/gcc/arm-none-eabi/11.1.0/../../../../arm-none-eabi/lib/armv6k/fpu/libg.a(lib_a-fini.o)
                0x0000000000111630                __libc_fini_array
 .text._fopen_r
                0x000000000011166c      0x140 /opt/devkitpro/devkitARM/bin/../lib/gcc/arm-none-eabi/11.1.0/../../../../arm-none-eabi/lib/armv6k/fpu/libg.a(lib_a-fopen.o)
                0x000000000011166c                _fopen_r
 .text.fopen    0x00000000001117ac       0x28 /opt/devkitpro/devkitARM/bin/../lib/gcc/arm-none-eabi/11.1.0/../../../../arm-none-eabi/lib/armv6k/fpu/libg.a(lib_a-fopen.o)
                0x00000000001117ac                fopen
 .text._fputs_r
                0x00000000001117d4       0xc0 /opt/devkitpro/devkitARM/bin/../lib/gcc/arm-none-eabi/11.1.0/../../../../arm-none-eabi/lib/armv6k/fpu/libg.a(lib_a-fputs.o)
                0x00000000001117d4                _fputs_r
 .text.fputs    0x0000000000111894       0x28 /opt/devkitpro/devkitARM/bin/../lib/gcc/arm-none-eabi/11.1.0/../../../../arm-none-eabi/lib/armv6k/fpu/libg.a(lib_a-fputs.o)
                0x0000000000111894                fputs
 .text._fread_r
                0x00000000001118bc      0x2d4 /opt/devkitpro/devkitARM/bin/../lib/gcc/arm-none-eabi/11.1.0/../../../../arm-none-eabi/lib/armv6k/fpu/libg.a(lib_a-fread.o)
                0x00000000001118bc                _fread_r
 .text._malloc_trim_r
                0x0000000000111b90       0xf8 /opt/devkitpro/devkitARM/bin/../lib/gcc/arm-none-eabi/11.1.0/../../../../arm-none-eabi/lib/armv6k/fpu/libg.a(lib_a-freer.o)
                0x0000000000111b90                _malloc_trim_r
 .text._free_r  0x0000000000111c88      0x2e4 /opt/devkitpro/devkitARM/bin/../lib/gcc/arm-none-eabi/11.1.0/../../../../arm-none-eabi/lib/armv6k/fpu/libg.a(lib_a-freer.o)
                0x0000000000111c88                _free_r
 .text.fscanf   0x0000000000111f6c       0x3c /opt/devkitpro/devkitARM/bin/../lib/gcc/arm-none-eabi/11.1.0/../../../../arm-none-eabi/lib/armv6k/fpu/libg.a(lib_a-fscanf.o)
                0x0000000000111f6c                fscanf
 .text._fseek_r
                0x0000000000111fa8       0x1c /opt/devkitpro/devkitARM/bin/../lib/gcc/arm-none-eabi/11.1.0/../../../../arm-none-eabi/lib/armv6k/fpu/libg.a(lib_a-fseek.o)
                0x0000000000111fa8                _fseek_r
 .text._fseeko_r
                0x0000000000111fc4      0x598 /opt/devkitpro/devkitARM/bin/../lib/gcc/arm-none-eabi/11.1.0/../../../../arm-none-eabi/lib/armv6k/fpu/libg.a(lib_a-fseeko.o)
                0x0000000000111fc4                _fseeko_r
 .text.__sfvwrite_r
                0x000000000011255c      0x4c0 /opt/devkitpro/devkitARM/bin/../lib/gcc/arm-none-eabi/11.1.0/../../../../arm-none-eabi/lib/armv6k/fpu/libg.a(lib_a-fvwrite.o)
                0x000000000011255c                __sfvwrite_r
 .text._fwalk   0x0000000000112a1c       0x68 /opt/devkitpro/devkitARM/bin/../lib/gcc/arm-none-eabi/11.1.0/../../../../arm-none-eabi/lib/armv6k/fpu/libg.a(lib_a-fwalk.o)
                0x0000000000112a1c                _fwalk
 .text._fwalk_reent
                0x0000000000112a84       0x70 /opt/devkitpro/devkitARM/bin/../lib/gcc/arm-none-eabi/11.1.0/../../../../arm-none-eabi/lib/armv6k/fpu/libg.a(lib_a-fwalk.o)
                0x0000000000112a84                _fwalk_reent
 .text.__libc_init_array
                0x0000000000112af4       0x7c /opt/devkitpro/devkitARM/bin/../lib/gcc/arm-none-eabi/11.1.0/../../../../arm-none-eabi/lib/armv6k/fpu/libg.a(lib_a-init.o)
                0x0000000000112af4                __libc_init_array
 .text.__smakebuf_r
                0x0000000000112b70      0x138 /opt/devkitpro/devkitARM/bin/../lib/gcc/arm-none-eabi/11.1.0/../../../../arm-none-eabi/lib/armv6k/fpu/libg.a(lib_a-makebuf.o)
                0x0000000000112b70                __smakebuf_r
 .text.memalign
                0x0000000000112ca8       0x28 /opt/devkitpro/devkitARM/bin/../lib/gcc/arm-none-eabi/11.1.0/../../../../arm-none-eabi/lib/armv6k/fpu/libg.a(lib_a-malign.o)
                0x0000000000112ca8                memalign
 .text._memalign_r
                0x0000000000112cd0      0x150 /opt/devkitpro/devkitARM/bin/../lib/gcc/arm-none-eabi/11.1.0/../../../../arm-none-eabi/lib/armv6k/fpu/libg.a(lib_a-malignr.o)
                0x0000000000112cd0                _memalign_r
 .text.malloc   0x0000000000112e20       0x20 /opt/devkitpro/devkitARM/bin/../lib/gcc/arm-none-eabi/11.1.0/../../../../arm-none-eabi/lib/armv6k/fpu/libg.a(lib_a-malloc.o)
                0x0000000000112e20                malloc
 .text.free     0x0000000000112e40       0x20 /opt/devkitpro/devkitARM/bin/../lib/gcc/arm-none-eabi/11.1.0/../../../../arm-none-eabi/lib/armv6k/fpu/libg.a(lib_a-malloc.o)
                0x0000000000112e40                free
 .text._malloc_r
                0x0000000000112e60      0x7e0 /opt/devkitpro/devkitARM/bin/../lib/gcc/arm-none-eabi/11.1.0/../../../../arm-none-eabi/lib/armv6k/fpu/libg.a(lib_a-mallocr.o)
                0x0000000000112e60                _malloc_r
 .text.memchr   0x0000000000113640       0xe0 /opt/devkitpro/devkitARM/bin/../lib/gcc/arm-none-eabi/11.1.0/../../../../arm-none-eabi/lib/armv6k/fpu/libg.a(lib_a-memchr-stub.o)
                0x0000000000113640                memchr
 .text.memcpy   0x0000000000113720      0x11c /opt/devkitpro/devkitARM/bin/../lib/gcc/arm-none-eabi/11.1.0/../../../../arm-none-eabi/lib/armv6k/fpu/libg.a(lib_a-memcpy-stub.o)
                0x0000000000113720                memcpy
 .text.memmove  0x000000000011383c      0x154 /opt/devkitpro/devkitARM/bin/../lib/gcc/arm-none-eabi/11.1.0/../../../../arm-none-eabi/lib/armv6k/fpu/libg.a(lib_a-memmove.o)
                0x000000000011383c                memmove
 .text.memset   0x0000000000113990      0x118 /opt/devkitpro/devkitARM/bin/../lib/gcc/arm-none-eabi/11.1.0/../../../../arm-none-eabi/lib/armv6k/fpu/libg.a(lib_a-memset.o)
                0x0000000000113990                memset
 .text.__malloc_lock
                0x0000000000113aa8        0xc /opt/devkitpro/devkitARM/bin/../lib/gcc/arm-none-eabi/11.1.0/../../../../arm-none-eabi/lib/armv6k/fpu/libg.a(lib_a-mlock.o)
                0x0000000000113aa8                __malloc_lock
 .text.__malloc_unlock
                0x0000000000113ab4        0xc /opt/devkitpro/devkitARM/bin/../lib/gcc/arm-none-eabi/11.1.0/../../../../arm-none-eabi/lib/armv6k/fpu/libg.a(lib_a-mlock.o)
                0x0000000000113ab4                __malloc_unlock
 .text.qsort    0x0000000000113ac0      0x958 /opt/devkitpro/devkitARM/bin/../lib/gcc/arm-none-eabi/11.1.0/../../../../arm-none-eabi/lib/armv6k/fpu/libg.a(lib_a-qsort.o)
                0x0000000000113ac0                qsort
 .text.srand    0x0000000000114418       0x1c /opt/devkitpro/devkitARM/bin/../lib/gcc/arm-none-eabi/11.1.0/../../../../arm-none-eabi/lib/armv6k/fpu/libg.a(lib_a-rand.o)
                0x0000000000114418                srand
 .text.rand     0x0000000000114434       0x44 /opt/devkitpro/devkitARM/bin/../lib/gcc/arm-none-eabi/11.1.0/../../../../arm-none-eabi/lib/armv6k/fpu/libg.a(lib_a-rand.o)
                0x0000000000114434                rand
 .text.realloc  0x0000000000114478       0x28 /opt/devkitpro/devkitARM/bin/../lib/gcc/arm-none-eabi/11.1.0/../../../../arm-none-eabi/lib/armv6k/fpu/libg.a(lib_a-realloc.o)
                0x0000000000114478                realloc
 .text._realloc_r
                0x00000000001144a0      0x558 /opt/devkitpro/devkitARM/bin/../lib/gcc/arm-none-eabi/11.1.0/../../../../arm-none-eabi/lib/armv6k/fpu/libg.a(lib_a-reallocr.o)
                0x00000000001144a0                _realloc_r
 .text.lflush   0x00000000001149f8       0x1c /opt/devkitpro/devkitARM/bin/../lib/gcc/arm-none-eabi/11.1.0/../../../../arm-none-eabi/lib/armv6k/fpu/libg.a(lib_a-refill.o)
 .text.__srefill_r
                0x0000000000114a14      0x1ac /opt/devkitpro/devkitARM/bin/../lib/gcc/arm-none-eabi/11.1.0/../../../../arm-none-eabi/lib/armv6k/fpu/libg.a(lib_a-refill.o)
                0x0000000000114a14                __srefill_r
 .text.snprintf
                0x0000000000114bc0       0xcc /opt/devkitpro/devkitARM/bin/../lib/gcc/arm-none-eabi/11.1.0/../../../../arm-none-eabi/lib/armv6k/fpu/libg.a(lib_a-snprintf.o)
                0x0000000000114bc0                snprintf
 .text.sprintf  0x0000000000114c8c       0x64 /opt/devkitpro/devkitARM/bin/../lib/gcc/arm-none-eabi/11.1.0/../../../../arm-none-eabi/lib/armv6k/fpu/libg.a(lib_a-sprintf.o)
                0x0000000000114c8c                sprintf
 .text.__sread  0x0000000000114cf0       0x44 /opt/devkitpro/devkitARM/bin/../lib/gcc/arm-none-eabi/11.1.0/../../../../arm-none-eabi/lib/armv6k/fpu/libg.a(lib_a-stdio.o)
                0x0000000000114cf0                __sread
 .text.__swrite
                0x0000000000114d34       0x68 /opt/devkitpro/devkitARM/bin/../lib/gcc/arm-none-eabi/11.1.0/../../../../arm-none-eabi/lib/armv6k/fpu/libg.a(lib_a-stdio.o)
                0x0000000000114d34                __swrite
 .text.__sseek  0x0000000000114d9c       0x48 /opt/devkitpro/devkitARM/bin/../lib/gcc/arm-none-eabi/11.1.0/../../../../arm-none-eabi/lib/armv6k/fpu/libg.a(lib_a-stdio.o)
                0x0000000000114d9c                __sseek
 .text.__sclose
                0x0000000000114de4        0x8 /opt/devkitpro/devkitARM/bin/../lib/gcc/arm-none-eabi/11.1.0/../../../../arm-none-eabi/lib/armv6k/fpu/libg.a(lib_a-stdio.o)
                0x0000000000114de4                __sclose
 .text.strchr   0x0000000000114dec      0x12c /opt/devkitpro/devkitARM/bin/../lib/gcc/arm-none-eabi/11.1.0/../../../../arm-none-eabi/lib/armv6k/fpu/libg.a(lib_a-strchr.o)
                0x0000000000114dec                strchr
 .text.strlen   0x0000000000114f18       0x5c /opt/devkitpro/devkitARM/bin/../lib/gcc/arm-none-eabi/11.1.0/../../../../arm-none-eabi/lib/armv6k/fpu/libg.a(lib_a-strlen-stub.o)
                0x0000000000114f18                strlen
 .text.strncat  0x0000000000114f74       0xec /opt/devkitpro/devkitARM/bin/../lib/gcc/arm-none-eabi/11.1.0/../../../../arm-none-eabi/lib/armv6k/fpu/libg.a(lib_a-strncat.o)
                0x0000000000114f74                strncat
 .text.strncmp  0x0000000000115060       0xdc /opt/devkitpro/devkitARM/bin/../lib/gcc/arm-none-eabi/11.1.0/../../../../arm-none-eabi/lib/armv6k/fpu/libg.a(lib_a-strncmp.o)
                0x0000000000115060                strncmp
 .text.strncpy  0x000000000011513c       0xc0 /opt/devkitpro/devkitARM/bin/../lib/gcc/arm-none-eabi/11.1.0/../../../../arm-none-eabi/lib/armv6k/fpu/libg.a(lib_a-strncpy.o)
                0x000000000011513c                strncpy
 .text.strnlen  0x00000000001151fc       0x48 /opt/devkitpro/devkitARM/bin/../lib/gcc/arm-none-eabi/11.1.0/../../../../arm-none-eabi/lib/armv6k/fpu/libg.a(lib_a-strnlen.o)
                0x00000000001151fc                strnlen
 .text.get_arg  0x0000000000115244      0x628 /opt/devkitpro/devkitARM/bin/../lib/gcc/arm-none-eabi/11.1.0/../../../../arm-none-eabi/lib/armv6k/fpu/libg.a(lib_a-svfprintf.o)
 *fill*         0x000000000011586c        0x4 
 .text._svfprintf_r
                0x0000000000115870     0x35b8 /opt/devkitpro/devkitARM/bin/../lib/gcc/arm-none-eabi/11.1.0/../../../../arm-none-eabi/lib/armv6k/fpu/libg.a(lib_a-svfprintf.o)
                0x0000000000115870                _svfprintf_r
 .text.time     0x0000000000118e28       0x3c /opt/devkitpro/devkitARM/bin/../lib/gcc/arm-none-eabi/11.1.0/../../../../arm-none-eabi/lib/armv6k/fpu/libg.a(lib_a-time.o)
                0x0000000000118e28                time
 .text.get_arg  0x0000000000118e64       0x50 /opt/devkitpro/devkitARM/bin/../lib/gcc/arm-none-eabi/11.1.0/../../../../arm-none-eabi/lib/armv6k/fpu/libg.a(lib_a-vfscanf.o)
 .text.__svfscanf_r
                0x0000000000118eb4     0x2be4 /opt/devkitpro/devkitARM/bin/../lib/gcc/arm-none-eabi/11.1.0/../../../../arm-none-eabi/lib/armv6k/fpu/libg.a(lib_a-vfscanf.o)
                0x0000000000118eb4                __svfscanf_r
 .text._vfscanf_r
                0x000000000011ba98       0x3c /opt/devkitpro/devkitARM/bin/../lib/gcc/arm-none-eabi/11.1.0/../../../../arm-none-eabi/lib/armv6k/fpu/libg.a(lib_a-vfscanf.o)
                0x000000000011ba98                _vfscanf_r
 .text._wcrtomb_r
                0x000000000011bad4       0x54 /opt/devkitpro/devkitARM/bin/../lib/gcc/arm-none-eabi/11.1.0/../../../../arm-none-eabi/lib/armv6k/fpu/libg.a(lib_a-wcrtomb.o)
                0x000000000011bad4                _wcrtomb_r
 .text._wcsrtombs_r
                0x000000000011bb28       0x28 /opt/devkitpro/devkitARM/bin/../lib/gcc/arm-none-eabi/11.1.0/../../../../arm-none-eabi/lib/armv6k/fpu/libg.a(lib_a-wcsrtombs.o)
                0x000000000011bb28                _wcsrtombs_r
 .text.__swsetup_r
                0x000000000011bb50      0x154 /opt/devkitpro/devkitARM/bin/../lib/gcc/arm-none-eabi/11.1.0/../../../../arm-none-eabi/lib/armv6k/fpu/libg.a(lib_a-wsetup.o)
                0x000000000011bb50                __swsetup_r
 .text.__call_exitprocs
                0x000000000011bca4      0x114 /opt/devkitpro/devkitARM/bin/../lib/gcc/arm-none-eabi/11.1.0/../../../../arm-none-eabi/lib/armv6k/fpu/libg.a(lib_a-__call_atexit.o)
                0x000000000011bca4                __call_exitprocs
 .text.quorem   0x000000000011bdb8      0x1ac /opt/devkitpro/devkitARM/bin/../lib/gcc/arm-none-eabi/11.1.0/../../../../arm-none-eabi/lib/armv6k/fpu/libg.a(lib_a-dtoa.o)
 *fill*         0x000000000011bf64        0x4 
 .text._dtoa_r  0x000000000011bf68     0x12cc /opt/devkitpro/devkitARM/bin/../lib/gcc/arm-none-eabi/11.1.0/../../../../arm-none-eabi/lib/armv6k/fpu/libg.a(lib_a-dtoa.o)
                0x000000000011bf68                _dtoa_r
 .text.__sflags
                0x000000000011d234       0xcc /opt/devkitpro/devkitARM/bin/../lib/gcc/arm-none-eabi/11.1.0/../../../../arm-none-eabi/lib/armv6k/fpu/libg.a(lib_a-flags.o)
                0x000000000011d234                __sflags
 .text.iswspace
                0x000000000011d300        0x8 /opt/devkitpro/devkitARM/bin/../lib/gcc/arm-none-eabi/11.1.0/../../../../arm-none-eabi/lib/armv6k/fpu/libg.a(lib_a-iswspace.o)
                0x000000000011d300                iswspace
 .text._localeconv_r
                0x000000000011d308        0xc /opt/devkitpro/devkitARM/bin/../lib/gcc/arm-none-eabi/11.1.0/../../../../arm-none-eabi/lib/armv6k/fpu/libg.a(lib_a-localeconv.o)
                0x000000000011d308                _localeconv_r
 .text.__locale_mb_cur_max
                0x000000000011d314       0x10 /opt/devkitpro/devkitARM/bin/../lib/gcc/arm-none-eabi/11.1.0/../../../../arm-none-eabi/lib/armv6k/fpu/libg.a(lib_a-locale.o)
                0x000000000011d314                __locale_mb_cur_max
 .text._mbrtowc_r
                0x000000000011d324       0x68 /opt/devkitpro/devkitARM/bin/../lib/gcc/arm-none-eabi/11.1.0/../../../../arm-none-eabi/lib/armv6k/fpu/libg.a(lib_a-mbrtowc.o)
                0x000000000011d324                _mbrtowc_r
 .text.__utf8_mbtowc
                0x000000000011d38c      0x2e4 /opt/devkitpro/devkitARM/bin/../lib/gcc/arm-none-eabi/11.1.0/../../../../arm-none-eabi/lib/armv6k/fpu/libg.a(lib_a-mbtowc_r.o)
                0x000000000011d38c                __utf8_mbtowc
 .text._Balloc  0x000000000011d670       0x88 /opt/devkitpro/devkitARM/bin/../lib/gcc/arm-none-eabi/11.1.0/../../../../arm-none-eabi/lib/armv6k/fpu/libg.a(lib_a-mprec.o)
                0x000000000011d670                _Balloc
 .text._Bfree   0x000000000011d6f8       0x1c /opt/devkitpro/devkitARM/bin/../lib/gcc/arm-none-eabi/11.1.0/../../../../arm-none-eabi/lib/armv6k/fpu/libg.a(lib_a-mprec.o)
                0x000000000011d6f8                _Bfree
 .text.__multadd
                0x000000000011d714       0xf4 /opt/devkitpro/devkitARM/bin/../lib/gcc/arm-none-eabi/11.1.0/../../../../arm-none-eabi/lib/armv6k/fpu/libg.a(lib_a-mprec.o)
                0x000000000011d714                __multadd
 .text.__s2b    0x000000000011d808      0x110 /opt/devkitpro/devkitARM/bin/../lib/gcc/arm-none-eabi/11.1.0/../../../../arm-none-eabi/lib/armv6k/fpu/libg.a(lib_a-mprec.o)
                0x000000000011d808                __s2b
 .text.__hi0bits
                0x000000000011d918       0x58 /opt/devkitpro/devkitARM/bin/../lib/gcc/arm-none-eabi/11.1.0/../../../../arm-none-eabi/lib/armv6k/fpu/libg.a(lib_a-mprec.o)
                0x000000000011d918                __hi0bits
 .text.__lo0bits
                0x000000000011d970       0x94 /opt/devkitpro/devkitARM/bin/../lib/gcc/arm-none-eabi/11.1.0/../../../../arm-none-eabi/lib/armv6k/fpu/libg.a(lib_a-mprec.o)
                0x000000000011d970                __lo0bits
 .text.__i2b    0x000000000011da04       0xa4 /opt/devkitpro/devkitARM/bin/../lib/gcc/arm-none-eabi/11.1.0/../../../../arm-none-eabi/lib/armv6k/fpu/libg.a(lib_a-mprec.o)
                0x000000000011da04                __i2b
 .text.__multiply
                0x000000000011daa8      0x204 /opt/devkitpro/devkitARM/bin/../lib/gcc/arm-none-eabi/11.1.0/../../../../arm-none-eabi/lib/armv6k/fpu/libg.a(lib_a-mprec.o)
                0x000000000011daa8                __multiply
 .text.__pow5mult
                0x000000000011dcac      0x120 /opt/devkitpro/devkitARM/bin/../lib/gcc/arm-none-eabi/11.1.0/../../../../arm-none-eabi/lib/armv6k/fpu/libg.a(lib_a-mprec.o)
                0x000000000011dcac                __pow5mult
 .text.__lshift
                0x000000000011ddcc      0x13c /opt/devkitpro/devkitARM/bin/../lib/gcc/arm-none-eabi/11.1.0/../../../../arm-none-eabi/lib/armv6k/fpu/libg.a(lib_a-mprec.o)
                0x000000000011ddcc                __lshift
 .text.__mcmp   0x000000000011df08       0x58 /opt/devkitpro/devkitARM/bin/../lib/gcc/arm-none-eabi/11.1.0/../../../../arm-none-eabi/lib/armv6k/fpu/libg.a(lib_a-mprec.o)
                0x000000000011df08                __mcmp
 .text.__mdiff  0x000000000011df60      0x1cc /opt/devkitpro/devkitARM/bin/../lib/gcc/arm-none-eabi/11.1.0/../../../../arm-none-eabi/lib/armv6k/fpu/libg.a(lib_a-mprec.o)
                0x000000000011df60                __mdiff
 .text.__ulp    0x000000000011e12c       0x74 /opt/devkitpro/devkitARM/bin/../lib/gcc/arm-none-eabi/11.1.0/../../../../arm-none-eabi/lib/armv6k/fpu/libg.a(lib_a-mprec.o)
                0x000000000011e12c                __ulp
 .text.__b2d    0x000000000011e1a0       0xd0 /opt/devkitpro/devkitARM/bin/../lib/gcc/arm-none-eabi/11.1.0/../../../../arm-none-eabi/lib/armv6k/fpu/libg.a(lib_a-mprec.o)
                0x000000000011e1a0                __b2d
 .text.__d2b    0x000000000011e270      0x124 /opt/devkitpro/devkitARM/bin/../lib/gcc/arm-none-eabi/11.1.0/../../../../arm-none-eabi/lib/armv6k/fpu/libg.a(lib_a-mprec.o)
                0x000000000011e270                __d2b
 .text.__ratio  0x000000000011e394       0x78 /opt/devkitpro/devkitARM/bin/../lib/gcc/arm-none-eabi/11.1.0/../../../../arm-none-eabi/lib/armv6k/fpu/libg.a(lib_a-mprec.o)
                0x000000000011e394                __ratio
 .text.__copybits
                0x000000000011e40c       0x88 /opt/devkitpro/devkitARM/bin/../lib/gcc/arm-none-eabi/11.1.0/../../../../arm-none-eabi/lib/armv6k/fpu/libg.a(lib_a-mprec.o)
                0x000000000011e40c                __copybits
 .text.__any_on
                0x000000000011e494       0x5c /opt/devkitpro/devkitARM/bin/../lib/gcc/arm-none-eabi/11.1.0/../../../../arm-none-eabi/lib/armv6k/fpu/libg.a(lib_a-mprec.o)
                0x000000000011e494                __any_on
 .text.__sccl   0x000000000011e4f0       0xe4 /opt/devkitpro/devkitARM/bin/../lib/gcc/arm-none-eabi/11.1.0/../../../../arm-none-eabi/lib/armv6k/fpu/libg.a(lib_a-sccl.o)
                0x000000000011e4f0                __sccl
 .text.nanf     0x000000000011e5d4        0xc /opt/devkitpro/devkitARM/bin/../lib/gcc/arm-none-eabi/11.1.0/../../../../arm-none-eabi/lib/armv6k/fpu/libg.a(lib_a-sf_nan.o)
                0x000000000011e5d4                nanf
 .text.frexp    0x000000000011e5e0       0xa8 /opt/devkitpro/devkitARM/bin/../lib/gcc/arm-none-eabi/11.1.0/../../../../arm-none-eabi/lib/armv6k/fpu/libg.a(lib_a-s_frexp.o)
                0x000000000011e5e0                frexp
 .text.stpncpy  0x000000000011e688       0xb8 /opt/devkitpro/devkitARM/bin/../lib/gcc/arm-none-eabi/11.1.0/../../../../arm-none-eabi/lib/armv6k/fpu/libg.a(lib_a-stpncpy.o)
                0x000000000011e688                stpncpy
 .text._strtod_l
                0x000000000011e740     0x1368 /opt/devkitpro/devkitARM/bin/../lib/gcc/arm-none-eabi/11.1.0/../../../../arm-none-eabi/lib/armv6k/fpu/libg.a(lib_a-strtod.o)
                0x000000000011e740                _strtod_l
 .text._strtod_r
                0x000000000011faa8        0xc /opt/devkitpro/devkitARM/bin/../lib/gcc/arm-none-eabi/11.1.0/../../../../arm-none-eabi/lib/armv6k/fpu/libg.a(lib_a-strtod.o)
                0x000000000011faa8                _strtod_r
 .text._strtoll_l.constprop.0
                0x000000000011fab4      0x22c /opt/devkitpro/devkitARM/bin/../lib/gcc/arm-none-eabi/11.1.0/../../../../arm-none-eabi/lib/armv6k/fpu/libg.a(lib_a-strtoll.o)
 .text._strtoll_r
                0x000000000011fce0        0x4 /opt/devkitpro/devkitARM/bin/../lib/gcc/arm-none-eabi/11.1.0/../../../../arm-none-eabi/lib/armv6k/fpu/libg.a(lib_a-strtoll.o)
                0x000000000011fce0                _strtoll_r
 .text._strtol_l.part.0
                0x000000000011fce4      0x1a4 /opt/devkitpro/devkitARM/bin/../lib/gcc/arm-none-eabi/11.1.0/../../../../arm-none-eabi/lib/armv6k/fpu/libg.a(lib_a-strtol.o)
 .text._strtol_r
                0x000000000011fe88       0x3c /opt/devkitpro/devkitARM/bin/../lib/gcc/arm-none-eabi/11.1.0/../../../../arm-none-eabi/lib/armv6k/fpu/libg.a(lib_a-strtol.o)
                0x000000000011fe88                _strtol_r
 .text._strtoull_l.constprop.0
                0x000000000011fec4      0x244 /opt/devkitpro/devkitARM/bin/../lib/gcc/arm-none-eabi/11.1.0/../../../../arm-none-eabi/lib/armv6k/fpu/libg.a(lib_a-strtoull.o)
 .text._strtoull_r
                0x0000000000120108        0x4 /opt/devkitpro/devkitARM/bin/../lib/gcc/arm-none-eabi/11.1.0/../../../../arm-none-eabi/lib/armv6k/fpu/libg.a(lib_a-strtoull.o)
                0x0000000000120108                _strtoull_r
 .text._strtoul_l.constprop.0
                0x000000000012010c      0x1c4 /opt/devkitpro/devkitARM/bin/../lib/gcc/arm-none-eabi/11.1.0/../../../../arm-none-eabi/lib/armv6k/fpu/libg.a(lib_a-strtoul.o)
 .text._strtoul_r
                0x00000000001202d0        0x4 /opt/devkitpro/devkitARM/bin/../lib/gcc/arm-none-eabi/11.1.0/../../../../arm-none-eabi/lib/armv6k/fpu/libg.a(lib_a-strtoul.o)
                0x00000000001202d0                _strtoul_r
 .text.__ssprint_r
                0x00000000001202d4      0x190 /opt/devkitpro/devkitARM/bin/../lib/gcc/arm-none-eabi/11.1.0/../../../../arm-none-eabi/lib/armv6k/fpu/libg.a(lib_a-svfiprintf.o)
                0x00000000001202d4                __ssprint_r
 .text.__submore
                0x0000000000120464       0xa8 /opt/devkitpro/devkitARM/bin/../lib/gcc/arm-none-eabi/11.1.0/../../../../arm-none-eabi/lib/armv6k/fpu/libg.a(lib_a-ungetc.o)
                0x0000000000120464                __submore
 .text._ungetc_r
                0x000000000012050c      0x208 /opt/devkitpro/devkitARM/bin/../lib/gcc/arm-none-eabi/11.1.0/../../../../arm-none-eabi/lib/armv6k/fpu/libg.a(lib_a-ungetc.o)
                0x000000000012050c                _ungetc_r
 .text._wcsnrtombs_l
                0x0000000000120714      0x190 /opt/devkitpro/devkitARM/bin/../lib/gcc/arm-none-eabi/11.1.0/../../../../arm-none-eabi/lib/armv6k/fpu/libg.a(lib_a-wcsnrtombs.o)
                0x0000000000120714                _wcsnrtombs_l
 .text._wcsnrtombs_r
                0x00000000001208a4       0x4c /opt/devkitpro/devkitARM/bin/../lib/gcc/arm-none-eabi/11.1.0/../../../../arm-none-eabi/lib/armv6k/fpu/libg.a(lib_a-wcsnrtombs.o)
                0x00000000001208a4                _wcsnrtombs_r
 .text.__utf8_wctomb
                0x00000000001208f0       0xf0 /opt/devkitpro/devkitARM/bin/../lib/gcc/arm-none-eabi/11.1.0/../../../../arm-none-eabi/lib/armv6k/fpu/libg.a(lib_a-wctomb_r.o)
                0x00000000001208f0                __utf8_wctomb
 .text.__assert_func
                0x00000000001209e0       0x54 /opt/devkitpro/devkitARM/bin/../lib/gcc/arm-none-eabi/11.1.0/../../../../arm-none-eabi/lib/armv6k/fpu/libg.a(lib_a-assert.o)
                0x00000000001209e0                __assert_func
 .text.fiprintf
                0x0000000000120a34       0x3c /opt/devkitpro/devkitARM/bin/../lib/gcc/arm-none-eabi/11.1.0/../../../../arm-none-eabi/lib/armv6k/fpu/libg.a(lib_a-fiprintf.o)
                0x0000000000120a34                fiprintf
 .text.rshift   0x0000000000120a70       0xec /opt/devkitpro/devkitARM/bin/../lib/gcc/arm-none-eabi/11.1.0/../../../../arm-none-eabi/lib/armv6k/fpu/libg.a(lib_a-gdtoa-gethex.o)
 .text.__gethex
                0x0000000000120b5c      0x904 /opt/devkitpro/devkitARM/bin/../lib/gcc/arm-none-eabi/11.1.0/../../../../arm-none-eabi/lib/armv6k/fpu/libg.a(lib_a-gdtoa-gethex.o)
                0x0000000000120b5c                __gethex